Archive member included to satisfy reference by file (symbol)

/usr/lib/gcc/avr/5.4.0/avr5/libgcc.a(_exit.o)
                              /usr/lib/gcc/avr/5.4.0/../../../avr/lib/avr5/crtatmega32u4.o (exit)
/usr/lib/gcc/avr/5.4.0/avr5/libgcc.a(_tablejump2.o)
                              ../../LUFA-111009/LUFA/Drivers/USB/Core/DeviceStandardReq.o (__tablejump2__)
/usr/lib/gcc/avr/5.4.0/avr5/libgcc.a(_copy_data.o)
                              Caterina.o (__do_copy_data)
/usr/lib/gcc/avr/5.4.0/avr5/libgcc.a(_clear_bss.o)
                              Caterina.o (__do_clear_bss)
/usr/lib/gcc/avr/5.4.0/../../../avr/lib/avr5/libatmega32u4.a(eerd_byte.o)
                              Caterina.o (eeprom_read_byte)
/usr/lib/gcc/avr/5.4.0/../../../avr/lib/avr5/libatmega32u4.a(eeupd_byte.o)
                              ../../LUFA-111009/LUFA/Drivers/USB/Core/AVR8/EndpointStream_AVR8.o (eeprom_update_byte)
/usr/lib/gcc/avr/5.4.0/../../../avr/lib/avr5/libatmega32u4.a(eewr_byte.o)
                              Caterina.o (eeprom_write_byte)

Allocating common symbols
Common symbol       size              file

LLEDPulse           0x2               Caterina.o
USB_IsInitialized   0x1               ../../LUFA-111009/LUFA/Drivers/USB/Core/USBTask.o
USB_Device_ConfigurationNumber
                    0x1               ../../LUFA-111009/LUFA/Drivers/USB/Core/DeviceStandardReq.o
USB_ControlRequest  0x8               ../../LUFA-111009/LUFA/Drivers/USB/Core/USBTask.o

Discarded input sections

 .data          0x0000000000000000        0x0 /usr/lib/gcc/avr/5.4.0/../../../avr/lib/avr5/crtatmega32u4.o
 .bss           0x0000000000000000        0x0 /usr/lib/gcc/avr/5.4.0/../../../avr/lib/avr5/crtatmega32u4.o
 .text          0x0000000000000000        0x0 Caterina.o
 .rodata        0x0000000000000000        0x2 Caterina.o
 .text          0x0000000000000000        0x0 Descriptors.o
 .data          0x0000000000000000        0x0 Descriptors.o
 .bss           0x0000000000000000        0x0 Descriptors.o
 .text          0x0000000000000000        0x0 ../../LUFA-111009/LUFA/Drivers/USB/Core/AVR8/Device_AVR8.o
 .data          0x0000000000000000        0x0 ../../LUFA-111009/LUFA/Drivers/USB/Core/AVR8/Device_AVR8.o
 .bss           0x0000000000000000        0x0 ../../LUFA-111009/LUFA/Drivers/USB/Core/AVR8/Device_AVR8.o
 .text.USB_Device_SendRemoteWakeup
                0x0000000000000000       0x2a ../../LUFA-111009/LUFA/Drivers/USB/Core/AVR8/Device_AVR8.o
 .debug_info    0x0000000000000000       0xd2 ../../LUFA-111009/LUFA/Drivers/USB/Core/AVR8/Device_AVR8.o
 .debug_abbrev  0x0000000000000000       0x80 ../../LUFA-111009/LUFA/Drivers/USB/Core/AVR8/Device_AVR8.o
 .debug_aranges
                0x0000000000000000       0x20 ../../LUFA-111009/LUFA/Drivers/USB/Core/AVR8/Device_AVR8.o
 .debug_ranges  0x0000000000000000       0x10 ../../LUFA-111009/LUFA/Drivers/USB/Core/AVR8/Device_AVR8.o
 .debug_line    0x0000000000000000      0x11c ../../LUFA-111009/LUFA/Drivers/USB/Core/AVR8/Device_AVR8.o
 .debug_str     0x0000000000000000      0x209 ../../LUFA-111009/LUFA/Drivers/USB/Core/AVR8/Device_AVR8.o
 .comment       0x0000000000000000       0x12 ../../LUFA-111009/LUFA/Drivers/USB/Core/AVR8/Device_AVR8.o
 .debug_frame   0x0000000000000000       0x24 ../../LUFA-111009/LUFA/Drivers/USB/Core/AVR8/Device_AVR8.o
 .text          0x0000000000000000        0x0 ../../LUFA-111009/LUFA/Drivers/USB/Core/AVR8/Endpoint_AVR8.o
 .data          0x0000000000000000        0x0 ../../LUFA-111009/LUFA/Drivers/USB/Core/AVR8/Endpoint_AVR8.o
 .bss           0x0000000000000000        0x0 ../../LUFA-111009/LUFA/Drivers/USB/Core/AVR8/Endpoint_AVR8.o
 .text.Endpoint_ClearEndpoints
                0x0000000000000000       0x28 ../../LUFA-111009/LUFA/Drivers/USB/Core/AVR8/Endpoint_AVR8.o
 .text.Endpoint_WaitUntilReady
                0x0000000000000000       0x64 ../../LUFA-111009/LUFA/Drivers/USB/Core/AVR8/Endpoint_AVR8.o
 .text          0x0000000000000000        0x0 ../../LUFA-111009/LUFA/Drivers/USB/Core/AVR8/Host_AVR8.o
 .data          0x0000000000000000        0x0 ../../LUFA-111009/LUFA/Drivers/USB/Core/AVR8/Host_AVR8.o
 .bss           0x0000000000000000        0x0 ../../LUFA-111009/LUFA/Drivers/USB/Core/AVR8/Host_AVR8.o
 .debug_line    0x0000000000000000        0x0 ../../LUFA-111009/LUFA/Drivers/USB/Core/AVR8/Host_AVR8.o
 .debug_str     0x0000000000000000      0x141 ../../LUFA-111009/LUFA/Drivers/USB/Core/AVR8/Host_AVR8.o
 .comment       0x0000000000000000       0x12 ../../LUFA-111009/LUFA/Drivers/USB/Core/AVR8/Host_AVR8.o
 .text          0x0000000000000000        0x0 ../../LUFA-111009/LUFA/Drivers/USB/Core/AVR8/Pipe_AVR8.o
 .data          0x0000000000000000        0x0 ../../LUFA-111009/LUFA/Drivers/USB/Core/AVR8/Pipe_AVR8.o
 .bss           0x0000000000000000        0x0 ../../LUFA-111009/LUFA/Drivers/USB/Core/AVR8/Pipe_AVR8.o
 .debug_line    0x0000000000000000        0x0 ../../LUFA-111009/LUFA/Drivers/USB/Core/AVR8/Pipe_AVR8.o
 .debug_str     0x0000000000000000      0x141 ../../LUFA-111009/LUFA/Drivers/USB/Core/AVR8/Pipe_AVR8.o
 .comment       0x0000000000000000       0x12 ../../LUFA-111009/LUFA/Drivers/USB/Core/AVR8/Pipe_AVR8.o
 .text          0x0000000000000000        0x0 ../../LUFA-111009/LUFA/Drivers/USB/Core/AVR8/USBController_AVR8.o
 .data          0x0000000000000000        0x0 ../../LUFA-111009/LUFA/Drivers/USB/Core/AVR8/USBController_AVR8.o
 .bss           0x0000000000000000        0x0 ../../LUFA-111009/LUFA/Drivers/USB/Core/AVR8/USBController_AVR8.o
 .text.USB_Disable
                0x0000000000000000       0x34 ../../LUFA-111009/LUFA/Drivers/USB/Core/AVR8/USBController_AVR8.o
 .text          0x0000000000000000        0x0 ../../LUFA-111009/LUFA/Drivers/USB/Core/AVR8/USBInterrupt_AVR8.o
 .data          0x0000000000000000        0x0 ../../LUFA-111009/LUFA/Drivers/USB/Core/AVR8/USBInterrupt_AVR8.o
 .bss           0x0000000000000000        0x0 ../../LUFA-111009/LUFA/Drivers/USB/Core/AVR8/USBInterrupt_AVR8.o
 .text          0x0000000000000000        0x0 ../../LUFA-111009/LUFA/Drivers/USB/Core/AVR8/EndpointStream_AVR8.o
 .data          0x0000000000000000        0x0 ../../LUFA-111009/LUFA/Drivers/USB/Core/AVR8/EndpointStream_AVR8.o
 .bss           0x0000000000000000        0x0 ../../LUFA-111009/LUFA/Drivers/USB/Core/AVR8/EndpointStream_AVR8.o
 .text.Endpoint_Discard_Stream
                0x0000000000000000       0x82 ../../LUFA-111009/LUFA/Drivers/USB/Core/AVR8/EndpointStream_AVR8.o
 .text.Endpoint_Null_Stream
                0x0000000000000000       0x82 ../../LUFA-111009/LUFA/Drivers/USB/Core/AVR8/EndpointStream_AVR8.o
 .text.Endpoint_Write_Stream_LE
                0x0000000000000000       0x9a ../../LUFA-111009/LUFA/Drivers/USB/Core/AVR8/EndpointStream_AVR8.o
 .text.Endpoint_Write_Stream_BE
                0x0000000000000000       0xa4 ../../LUFA-111009/LUFA/Drivers/USB/Core/AVR8/EndpointStream_AVR8.o
 .text.Endpoint_Read_Stream_LE
                0x0000000000000000       0x9a ../../LUFA-111009/LUFA/Drivers/USB/Core/AVR8/EndpointStream_AVR8.o
 .text.Endpoint_Read_Stream_BE
                0x0000000000000000       0xa4 ../../LUFA-111009/LUFA/Drivers/USB/Core/AVR8/EndpointStream_AVR8.o
 .text.Endpoint_Write_PStream_LE
                0x0000000000000000       0x9e ../../LUFA-111009/LUFA/Drivers/USB/Core/AVR8/EndpointStream_AVR8.o
 .text.Endpoint_Write_PStream_BE
                0x0000000000000000       0xa6 ../../LUFA-111009/LUFA/Drivers/USB/Core/AVR8/EndpointStream_AVR8.o
 .text.Endpoint_Write_EStream_LE
                0x0000000000000000       0xa0 ../../LUFA-111009/LUFA/Drivers/USB/Core/AVR8/EndpointStream_AVR8.o
 .text.Endpoint_Write_EStream_BE
                0x0000000000000000       0xa8 ../../LUFA-111009/LUFA/Drivers/USB/Core/AVR8/EndpointStream_AVR8.o
 .text.Endpoint_Read_EStream_LE
                0x0000000000000000       0xa0 ../../LUFA-111009/LUFA/Drivers/USB/Core/AVR8/EndpointStream_AVR8.o
 .text.Endpoint_Read_EStream_BE
                0x0000000000000000       0xa8 ../../LUFA-111009/LUFA/Drivers/USB/Core/AVR8/EndpointStream_AVR8.o
 .text.Endpoint_Write_Control_Stream_BE
                0x0000000000000000       0xc4 ../../LUFA-111009/LUFA/Drivers/USB/Core/AVR8/EndpointStream_AVR8.o
 .text.Endpoint_Read_Control_Stream_BE
                0x0000000000000000       0x7e ../../LUFA-111009/LUFA/Drivers/USB/Core/AVR8/EndpointStream_AVR8.o
 .text.Endpoint_Write_Control_PStream_LE
                0x0000000000000000       0xb6 ../../LUFA-111009/LUFA/Drivers/USB/Core/AVR8/EndpointStream_AVR8.o
 .text.Endpoint_Write_Control_PStream_BE
                0x0000000000000000       0xc2 ../../LUFA-111009/LUFA/Drivers/USB/Core/AVR8/EndpointStream_AVR8.o
 .text.Endpoint_Write_Control_EStream_LE
                0x0000000000000000       0xe8 ../../LUFA-111009/LUFA/Drivers/USB/Core/AVR8/EndpointStream_AVR8.o
 .text.Endpoint_Write_Control_EStream_BE
                0x0000000000000000       0xf4 ../../LUFA-111009/LUFA/Drivers/USB/Core/AVR8/EndpointStream_AVR8.o
 .text.Endpoint_Read_Control_EStream_LE
                0x0000000000000000       0x90 ../../LUFA-111009/LUFA/Drivers/USB/Core/AVR8/EndpointStream_AVR8.o
 .text.Endpoint_Read_Control_EStream_BE
                0x0000000000000000       0x8e ../../LUFA-111009/LUFA/Drivers/USB/Core/AVR8/EndpointStream_AVR8.o
 .text          0x0000000000000000        0x0 ../../LUFA-111009/LUFA/Drivers/USB/Core/AVR8/PipeStream_AVR8.o
 .data          0x0000000000000000        0x0 ../../LUFA-111009/LUFA/Drivers/USB/Core/AVR8/PipeStream_AVR8.o
 .bss           0x0000000000000000        0x0 ../../LUFA-111009/LUFA/Drivers/USB/Core/AVR8/PipeStream_AVR8.o
 .debug_line    0x0000000000000000        0x0 ../../LUFA-111009/LUFA/Drivers/USB/Core/AVR8/PipeStream_AVR8.o
 .debug_str     0x0000000000000000      0x147 ../../LUFA-111009/LUFA/Drivers/USB/Core/AVR8/PipeStream_AVR8.o
 .comment       0x0000000000000000       0x12 ../../LUFA-111009/LUFA/Drivers/USB/Core/AVR8/PipeStream_AVR8.o
 .text          0x0000000000000000        0x0 ../../LUFA-111009/LUFA/Drivers/USB/Core/ConfigDescriptor.o
 .data          0x0000000000000000        0x0 ../../LUFA-111009/LUFA/Drivers/USB/Core/ConfigDescriptor.o
 .bss           0x0000000000000000        0x0 ../../LUFA-111009/LUFA/Drivers/USB/Core/ConfigDescriptor.o
 .text.USB_GetNextDescriptor
                0x0000000000000000       0x3c ../../LUFA-111009/LUFA/Drivers/USB/Core/ConfigDescriptor.o
 .text.USB_GetNextDescriptorOfType
                0x0000000000000000       0x38 ../../LUFA-111009/LUFA/Drivers/USB/Core/ConfigDescriptor.o
 .text.USB_GetNextDescriptorOfTypeBefore
                0x0000000000000000       0x46 ../../LUFA-111009/LUFA/Drivers/USB/Core/ConfigDescriptor.o
 .text.USB_GetNextDescriptorOfTypeAfter
                0x0000000000000000       0x3e ../../LUFA-111009/LUFA/Drivers/USB/Core/ConfigDescriptor.o
 .text.USB_GetNextDescriptorComp
                0x0000000000000000       0x66 ../../LUFA-111009/LUFA/Drivers/USB/Core/ConfigDescriptor.o
 .debug_info    0x0000000000000000      0x3d1 ../../LUFA-111009/LUFA/Drivers/USB/Core/ConfigDescriptor.o
 .debug_abbrev  0x0000000000000000      0x178 ../../LUFA-111009/LUFA/Drivers/USB/Core/ConfigDescriptor.o
 .debug_loc     0x0000000000000000      0x59f ../../LUFA-111009/LUFA/Drivers/USB/Core/ConfigDescriptor.o
 .debug_aranges
                0x0000000000000000       0x40 ../../LUFA-111009/LUFA/Drivers/USB/Core/ConfigDescriptor.o
 .debug_ranges  0x0000000000000000       0x30 ../../LUFA-111009/LUFA/Drivers/USB/Core/ConfigDescriptor.o
 .debug_line    0x0000000000000000      0x1e4 ../../LUFA-111009/LUFA/Drivers/USB/Core/ConfigDescriptor.o
 .debug_str     0x0000000000000000      0x3f0 ../../LUFA-111009/LUFA/Drivers/USB/Core/ConfigDescriptor.o
 .comment       0x0000000000000000       0x12 ../../LUFA-111009/LUFA/Drivers/USB/Core/ConfigDescriptor.o
 .debug_frame   0x0000000000000000      0x110 ../../LUFA-111009/LUFA/Drivers/USB/Core/ConfigDescriptor.o
 .text          0x0000000000000000        0x0 ../../LUFA-111009/LUFA/Drivers/USB/Core/DeviceStandardReq.o
 .data          0x0000000000000000        0x0 ../../LUFA-111009/LUFA/Drivers/USB/Core/DeviceStandardReq.o
 .bss           0x0000000000000000        0x0 ../../LUFA-111009/LUFA/Drivers/USB/Core/DeviceStandardReq.o
 .text          0x0000000000000000        0x0 ../../LUFA-111009/LUFA/Drivers/USB/Core/Events.o
 .data          0x0000000000000000        0x0 ../../LUFA-111009/LUFA/Drivers/USB/Core/Events.o
 .bss           0x0000000000000000        0x0 ../../LUFA-111009/LUFA/Drivers/USB/Core/Events.o
 .text          0x0000000000000000        0x0 ../../LUFA-111009/LUFA/Drivers/USB/Core/HostStandardReq.o
 .data          0x0000000000000000        0x0 ../../LUFA-111009/LUFA/Drivers/USB/Core/HostStandardReq.o
 .bss           0x0000000000000000        0x0 ../../LUFA-111009/LUFA/Drivers/USB/Core/HostStandardReq.o
 .debug_line    0x0000000000000000        0x0 ../../LUFA-111009/LUFA/Drivers/USB/Core/HostStandardReq.o
 .debug_str     0x0000000000000000      0x142 ../../LUFA-111009/LUFA/Drivers/USB/Core/HostStandardReq.o
 .comment       0x0000000000000000       0x12 ../../LUFA-111009/LUFA/Drivers/USB/Core/HostStandardReq.o
 .text          0x0000000000000000        0x0 ../../LUFA-111009/LUFA/Drivers/USB/Core/USBTask.o
 .data          0x0000000000000000        0x0 ../../LUFA-111009/LUFA/Drivers/USB/Core/USBTask.o
 .bss           0x0000000000000000        0x0 ../../LUFA-111009/LUFA/Drivers/USB/Core/USBTask.o
 .text          0x0000000000000000        0x0 ../../LUFA-111009/LUFA/Drivers/USB/Class/Common/HIDParser.o
 .data          0x0000000000000000        0x0 ../../LUFA-111009/LUFA/Drivers/USB/Class/Common/HIDParser.o
 .bss           0x0000000000000000        0x0 ../../LUFA-111009/LUFA/Drivers/USB/Class/Common/HIDParser.o
 .text.USB_ProcessHIDReport
                0x0000000000000000      0x6c2 ../../LUFA-111009/LUFA/Drivers/USB/Class/Common/HIDParser.o
 .text.USB_GetHIDReportItemInfo
                0x0000000000000000       0xbc ../../LUFA-111009/LUFA/Drivers/USB/Class/Common/HIDParser.o
 .text.USB_SetHIDReportItemInfo
                0x0000000000000000       0xce ../../LUFA-111009/LUFA/Drivers/USB/Class/Common/HIDParser.o
 .text.USB_GetHIDReportSize
                0x0000000000000000       0x56 ../../LUFA-111009/LUFA/Drivers/USB/Class/Common/HIDParser.o
 .debug_info    0x0000000000000000      0x737 ../../LUFA-111009/LUFA/Drivers/USB/Class/Common/HIDParser.o
 .debug_abbrev  0x0000000000000000      0x21a ../../LUFA-111009/LUFA/Drivers/USB/Class/Common/HIDParser.o
 .debug_loc     0x0000000000000000      0xadf ../../LUFA-111009/LUFA/Drivers/USB/Class/Common/HIDParser.o
 .debug_aranges
                0x0000000000000000       0x38 ../../LUFA-111009/LUFA/Drivers/USB/Class/Common/HIDParser.o
 .debug_ranges  0x0000000000000000       0xd0 ../../LUFA-111009/LUFA/Drivers/USB/Class/Common/HIDParser.o
 .debug_line    0x0000000000000000      0x583 ../../LUFA-111009/LUFA/Drivers/USB/Class/Common/HIDParser.o
 .debug_str     0x0000000000000000      0x6cd ../../LUFA-111009/LUFA/Drivers/USB/Class/Common/HIDParser.o
 .comment       0x0000000000000000       0x12 ../../LUFA-111009/LUFA/Drivers/USB/Class/Common/HIDParser.o
 .debug_frame   0x0000000000000000      0x14c ../../LUFA-111009/LUFA/Drivers/USB/Class/Common/HIDParser.o
 .text          0x0000000000000000        0x0 /usr/lib/gcc/avr/5.4.0/avr5/libgcc.a(_exit.o)
 .data          0x0000000000000000        0x0 /usr/lib/gcc/avr/5.4.0/avr5/libgcc.a(_exit.o)
 .bss           0x0000000000000000        0x0 /usr/lib/gcc/avr/5.4.0/avr5/libgcc.a(_exit.o)
 .text.libgcc.mul
                0x0000000000000000        0x0 /usr/lib/gcc/avr/5.4.0/avr5/libgcc.a(_exit.o)
 .text.libgcc.div
                0x0000000000000000        0x0 /usr/lib/gcc/avr/5.4.0/avr5/libgcc.a(_exit.o)
 .text.libgcc   0x0000000000000000        0x0 /usr/lib/gcc/avr/5.4.0/avr5/libgcc.a(_exit.o)
 .text.libgcc.prologue
                0x0000000000000000        0x0 /usr/lib/gcc/avr/5.4.0/avr5/libgcc.a(_exit.o)
 .text.libgcc.builtins
                0x0000000000000000        0x0 /usr/lib/gcc/avr/5.4.0/avr5/libgcc.a(_exit.o)
 .text.libgcc.fmul
                0x0000000000000000        0x0 /usr/lib/gcc/avr/5.4.0/avr5/libgcc.a(_exit.o)
 .text.libgcc.fixed
                0x0000000000000000        0x0 /usr/lib/gcc/avr/5.4.0/avr5/libgcc.a(_exit.o)
 .text          0x0000000000000000        0x0 /usr/lib/gcc/avr/5.4.0/avr5/libgcc.a(_tablejump2.o)
 .data          0x0000000000000000        0x0 /usr/lib/gcc/avr/5.4.0/avr5/libgcc.a(_tablejump2.o)
 .bss           0x0000000000000000        0x0 /usr/lib/gcc/avr/5.4.0/avr5/libgcc.a(_tablejump2.o)
 .text.libgcc.mul
                0x0000000000000000        0x0 /usr/lib/gcc/avr/5.4.0/avr5/libgcc.a(_tablejump2.o)
 .text.libgcc.div
                0x0000000000000000        0x0 /usr/lib/gcc/avr/5.4.0/avr5/libgcc.a(_tablejump2.o)
 .text.libgcc.prologue
                0x0000000000000000        0x0 /usr/lib/gcc/avr/5.4.0/avr5/libgcc.a(_tablejump2.o)
 .text.libgcc.builtins
                0x0000000000000000        0x0 /usr/lib/gcc/avr/5.4.0/avr5/libgcc.a(_tablejump2.o)
 .text.libgcc.fmul
                0x0000000000000000        0x0 /usr/lib/gcc/avr/5.4.0/avr5/libgcc.a(_tablejump2.o)
 .text.libgcc.fixed
                0x0000000000000000        0x0 /usr/lib/gcc/avr/5.4.0/avr5/libgcc.a(_tablejump2.o)
 .text          0x0000000000000000        0x0 /usr/lib/gcc/avr/5.4.0/avr5/libgcc.a(_copy_data.o)
 .data          0x0000000000000000        0x0 /usr/lib/gcc/avr/5.4.0/avr5/libgcc.a(_copy_data.o)
 .bss           0x0000000000000000        0x0 /usr/lib/gcc/avr/5.4.0/avr5/libgcc.a(_copy_data.o)
 .text.libgcc.mul
                0x0000000000000000        0x0 /usr/lib/gcc/avr/5.4.0/avr5/libgcc.a(_copy_data.o)
 .text.libgcc.div
                0x0000000000000000        0x0 /usr/lib/gcc/avr/5.4.0/avr5/libgcc.a(_copy_data.o)
 .text.libgcc   0x0000000000000000        0x0 /usr/lib/gcc/avr/5.4.0/avr5/libgcc.a(_copy_data.o)
 .text.libgcc.prologue
                0x0000000000000000        0x0 /usr/lib/gcc/avr/5.4.0/avr5/libgcc.a(_copy_data.o)
 .text.libgcc.builtins
                0x0000000000000000        0x0 /usr/lib/gcc/avr/5.4.0/avr5/libgcc.a(_copy_data.o)
 .text.libgcc.fmul
                0x0000000000000000        0x0 /usr/lib/gcc/avr/5.4.0/avr5/libgcc.a(_copy_data.o)
 .text.libgcc.fixed
                0x0000000000000000        0x0 /usr/lib/gcc/avr/5.4.0/avr5/libgcc.a(_copy_data.o)
 .text          0x0000000000000000        0x0 /usr/lib/gcc/avr/5.4.0/avr5/libgcc.a(_clear_bss.o)
 .data          0x0000000000000000        0x0 /usr/lib/gcc/avr/5.4.0/avr5/libgcc.a(_clear_bss.o)
 .bss           0x0000000000000000        0x0 /usr/lib/gcc/avr/5.4.0/avr5/libgcc.a(_clear_bss.o)
 .text.libgcc.mul
                0x0000000000000000        0x0 /usr/lib/gcc/avr/5.4.0/avr5/libgcc.a(_clear_bss.o)
 .text.libgcc.div
                0x0000000000000000        0x0 /usr/lib/gcc/avr/5.4.0/avr5/libgcc.a(_clear_bss.o)
 .text.libgcc   0x0000000000000000        0x0 /usr/lib/gcc/avr/5.4.0/avr5/libgcc.a(_clear_bss.o)
 .text.libgcc.prologue
                0x0000000000000000        0x0 /usr/lib/gcc/avr/5.4.0/avr5/libgcc.a(_clear_bss.o)
 .text.libgcc.builtins
                0x0000000000000000        0x0 /usr/lib/gcc/avr/5.4.0/avr5/libgcc.a(_clear_bss.o)
 .text.libgcc.fmul
                0x0000000000000000        0x0 /usr/lib/gcc/avr/5.4.0/avr5/libgcc.a(_clear_bss.o)
 .text.libgcc.fixed
                0x0000000000000000        0x0 /usr/lib/gcc/avr/5.4.0/avr5/libgcc.a(_clear_bss.o)
 .text          0x0000000000000000        0x0 /usr/lib/gcc/avr/5.4.0/../../../avr/lib/avr5/libatmega32u4.a(eerd_byte.o)
 .data          0x0000000000000000        0x0 /usr/lib/gcc/avr/5.4.0/../../../avr/lib/avr5/libatmega32u4.a(eerd_byte.o)
 .bss           0x0000000000000000        0x0 /usr/lib/gcc/avr/5.4.0/../../../avr/lib/avr5/libatmega32u4.a(eerd_byte.o)
 .text          0x0000000000000000        0x0 /usr/lib/gcc/avr/5.4.0/../../../avr/lib/avr5/libatmega32u4.a(eeupd_byte.o)
 .data          0x0000000000000000        0x0 /usr/lib/gcc/avr/5.4.0/../../../avr/lib/avr5/libatmega32u4.a(eeupd_byte.o)
 .bss           0x0000000000000000        0x0 /usr/lib/gcc/avr/5.4.0/../../../avr/lib/avr5/libatmega32u4.a(eeupd_byte.o)
 .text.avr-libc
                0x0000000000000000       0x24 /usr/lib/gcc/avr/5.4.0/../../../avr/lib/avr5/libatmega32u4.a(eeupd_byte.o)
 .text          0x0000000000000000        0x0 /usr/lib/gcc/avr/5.4.0/../../../avr/lib/avr5/libatmega32u4.a(eewr_byte.o)
 .data          0x0000000000000000        0x0 /usr/lib/gcc/avr/5.4.0/../../../avr/lib/avr5/libatmega32u4.a(eewr_byte.o)
 .bss           0x0000000000000000        0x0 /usr/lib/gcc/avr/5.4.0/../../../avr/lib/avr5/libatmega32u4.a(eewr_byte.o)

Memory Configuration

Name             Origin             Length             Attributes
text             0x0000000000000000 0x0000000000020000 xr
data             0x0000000000800060 0x000000000000ffa0 rw !x
eeprom           0x0000000000810000 0x0000000000010000 rw !x
fuse             0x0000000000820000 0x0000000000000003 rw !x
lock             0x0000000000830000 0x0000000000000400 rw !x
signature        0x0000000000840000 0x0000000000000400 rw !x
user_signatures  0x0000000000850000 0x0000000000000400 rw !x
*default*        0x0000000000000000 0xffffffffffffffff

Linker script and memory map

Address of section .data set to 0x800100
LOAD /usr/lib/gcc/avr/5.4.0/../../../avr/lib/avr5/crtatmega32u4.o
LOAD Caterina.o
LOAD Descriptors.o
LOAD ../../LUFA-111009/LUFA/Drivers/USB/Core/AVR8/Device_AVR8.o
LOAD ../../LUFA-111009/LUFA/Drivers/USB/Core/AVR8/Endpoint_AVR8.o
LOAD ../../LUFA-111009/LUFA/Drivers/USB/Core/AVR8/Host_AVR8.o
LOAD ../../LUFA-111009/LUFA/Drivers/USB/Core/AVR8/Pipe_AVR8.o
LOAD ../../LUFA-111009/LUFA/Drivers/USB/Core/AVR8/USBController_AVR8.o
LOAD ../../LUFA-111009/LUFA/Drivers/USB/Core/AVR8/USBInterrupt_AVR8.o
LOAD ../../LUFA-111009/LUFA/Drivers/USB/Core/AVR8/EndpointStream_AVR8.o
LOAD ../../LUFA-111009/LUFA/Drivers/USB/Core/AVR8/PipeStream_AVR8.o
LOAD ../../LUFA-111009/LUFA/Drivers/USB/Core/ConfigDescriptor.o
LOAD ../../LUFA-111009/LUFA/Drivers/USB/Core/DeviceStandardReq.o
LOAD ../../LUFA-111009/LUFA/Drivers/USB/Core/Events.o
LOAD ../../LUFA-111009/LUFA/Drivers/USB/Core/HostStandardReq.o
LOAD ../../LUFA-111009/LUFA/Drivers/USB/Core/USBTask.o
LOAD ../../LUFA-111009/LUFA/Drivers/USB/Class/Common/HIDParser.o
Address of section .text set to 0x7000
LOAD /usr/lib/gcc/avr/5.4.0/../../../avr/lib/avr5/libm.a
START GROUP
LOAD /usr/lib/gcc/avr/5.4.0/avr5/libgcc.a
LOAD /usr/lib/gcc/avr/5.4.0/../../../avr/lib/avr5/libm.a
LOAD /usr/lib/gcc/avr/5.4.0/../../../avr/lib/avr5/libc.a
LOAD /usr/lib/gcc/avr/5.4.0/../../../avr/lib/avr5/libatmega32u4.a
END GROUP
                0x0000000000020000                __TEXT_REGION_LENGTH__ = DEFINED (__TEXT_REGION_LENGTH__)?__TEXT_REGION_LENGTH__:0x20000
                0x000000000000ffa0                __DATA_REGION_LENGTH__ = DEFINED (__DATA_REGION_LENGTH__)?__DATA_REGION_LENGTH__:0xffa0
                0x0000000000010000                __EEPROM_REGION_LENGTH__ = DEFINED (__EEPROM_REGION_LENGTH__)?__EEPROM_REGION_LENGTH__:0x10000
                [0x0000000000000003]                __FUSE_REGION_LENGTH__ = DEFINED (__FUSE_REGION_LENGTH__)?__FUSE_REGION_LENGTH__:0x400
                0x0000000000000400                __LOCK_REGION_LENGTH__ = DEFINED (__LOCK_REGION_LENGTH__)?__LOCK_REGION_LENGTH__:0x400
                0x0000000000000400                __SIGNATURE_REGION_LENGTH__ = DEFINED (__SIGNATURE_REGION_LENGTH__)?__SIGNATURE_REGION_LENGTH__:0x400
                0x0000000000000400                __USER_SIGNATURE_REGION_LENGTH__ = DEFINED (__USER_SIGNATURE_REGION_LENGTH__)?__USER_SIGNATURE_REGION_LENGTH__:0x400

.hash
 *(.hash)

.dynsym
 *(.dynsym)

.dynstr
 *(.dynstr)

.gnu.version
 *(.gnu.version)

.gnu.version_d
 *(.gnu.version_d)

.gnu.version_r
 *(.gnu.version_r)

.rel.init
 *(.rel.init)

.rela.init
 *(.rela.init)

.rel.text
 *(.rel.text)
 *(.rel.text.*)
 *(.rel.gnu.linkonce.t*)

.rela.text
 *(.rela.text)
 *(.rela.text.*)
 *(.rela.gnu.linkonce.t*)

.rel.fini
 *(.rel.fini)

.rela.fini
 *(.rela.fini)

.rel.rodata
 *(.rel.rodata)
 *(.rel.rodata.*)
 *(.rel.gnu.linkonce.r*)

.rela.rodata
 *(.rela.rodata)
 *(.rela.rodata.*)
 *(.rela.gnu.linkonce.r*)

.rel.data
 *(.rel.data)
 *(.rel.data.*)
 *(.rel.gnu.linkonce.d*)

.rela.data
 *(.rela.data)
 *(.rela.data.*)
 *(.rela.gnu.linkonce.d*)

.rel.ctors
 *(.rel.ctors)

.rela.ctors
 *(.rela.ctors)

.rel.dtors
 *(.rel.dtors)

.rela.dtors
 *(.rela.dtors)

.rel.got
 *(.rel.got)

.rela.got
 *(.rela.got)

.rel.bss
 *(.rel.bss)

.rela.bss
 *(.rela.bss)

.rel.plt
 *(.rel.plt)

.rela.plt
 *(.rela.plt)

.text           0x0000000000007000      0xe84
 *(.vectors)
 .vectors       0x0000000000007000       0xac /usr/lib/gcc/avr/5.4.0/../../../avr/lib/avr5/crtatmega32u4.o
                0x0000000000007000                __vectors
                0x0000000000007000                __vector_default
 *(.vectors)
 *(.progmem.gcc*)
 .progmem.gcc_sw_table.USB_Device_ProcessControlRequest
                0x00000000000070ac       0x14 ../../LUFA-111009/LUFA/Drivers/USB/Core/DeviceStandardReq.o
                0x00000000000070c0                . = ALIGN (0x2)
                0x00000000000070c0                __trampolines_start = .
 *(.trampolines)
 .trampolines   0x00000000000070c0        0x0 linker stubs
 *(.trampolines*)
                0x00000000000070c0                __trampolines_end = .
 *libprintf_flt.a:*(.progmem.data)
 *libc.a:*(.progmem.data)
 *(.progmem*)
                0x00000000000070c0                . = ALIGN (0x2)
 *(.jumptables)
 *(.jumptables*)
 *(.lowtext)
 *(.lowtext*)
                0x00000000000070c0                __ctors_start = .
 *(.ctors)
                0x00000000000070c0                __ctors_end = .
                0x00000000000070c0                __dtors_start = .
 *(.dtors)
                0x00000000000070c0                __dtors_end = .
 SORT(*)(.ctors)
 SORT(*)(.dtors)
 *(.init0)
 .init0         0x00000000000070c0        0x0 /usr/lib/gcc/avr/5.4.0/../../../avr/lib/avr5/crtatmega32u4.o
                0x00000000000070c0                __init
 *(.init0)
 *(.init1)
 *(.init1)
 *(.init2)
 .init2         0x00000000000070c0        0xc /usr/lib/gcc/avr/5.4.0/../../../avr/lib/avr5/crtatmega32u4.o
 *(.init2)
 *(.init3)
 *(.init3)
 *(.init4)
 .init4         0x00000000000070cc       0x16 /usr/lib/gcc/avr/5.4.0/avr5/libgcc.a(_copy_data.o)
                0x00000000000070cc                __do_copy_data
 .init4         0x00000000000070e2       0x10 /usr/lib/gcc/avr/5.4.0/avr5/libgcc.a(_clear_bss.o)
                0x00000000000070e2                __do_clear_bss
 *(.init4)
 *(.init5)
 *(.init5)
 *(.init6)
 *(.init6)
 *(.init7)
 *(.init7)
 *(.init8)
 *(.init8)
 *(.init9)
 .init9         0x00000000000070f2        0x4 /usr/lib/gcc/avr/5.4.0/../../../avr/lib/avr5/crtatmega32u4.o
 *(.init9)
 *(.text)
 .text          0x00000000000070f6        0x2 /usr/lib/gcc/avr/5.4.0/../../../avr/lib/avr5/crtatmega32u4.o
                0x00000000000070f6                __vector_38
                0x00000000000070f6                __vector_22
                0x00000000000070f6                __vector_28
                0x00000000000070f6                __vector_1
                0x00000000000070f6                __vector_32
                0x00000000000070f6                __vector_34
                0x00000000000070f6                __vector_24
                0x00000000000070f6                __vector_12
                0x00000000000070f6                __bad_interrupt
                0x00000000000070f6                __vector_6
                0x00000000000070f6                __vector_31
                0x00000000000070f6                __vector_35
                0x00000000000070f6                __vector_39
                0x00000000000070f6                __vector_3
                0x00000000000070f6                __vector_23
                0x00000000000070f6                __vector_30
                0x00000000000070f6                __vector_25
                0x00000000000070f6                __vector_11
                0x00000000000070f6                __vector_13
                0x00000000000070f6                __vector_19
                0x00000000000070f6                __vector_7
                0x00000000000070f6                __vector_41
                0x00000000000070f6                __vector_27
                0x00000000000070f6                __vector_5
                0x00000000000070f6                __vector_33
                0x00000000000070f6                __vector_37
                0x00000000000070f6                __vector_4
                0x00000000000070f6                __vector_9
                0x00000000000070f6                __vector_2
                0x00000000000070f6                __vector_21
                0x00000000000070f6                __vector_15
                0x00000000000070f6                __vector_36
                0x00000000000070f6                __vector_29
                0x00000000000070f6                __vector_40
                0x00000000000070f6                __vector_8
                0x00000000000070f6                __vector_26
                0x00000000000070f6                __vector_14
                0x00000000000070f6                __vector_16
                0x00000000000070f6                __vector_18
                0x00000000000070f6                __vector_20
                0x00000000000070f6                __vector_42
                0x00000000000070f8                . = ALIGN (0x2)
 *(.text.*)
 .text.FetchNextCommandByte
                0x00000000000070f8       0x2e Caterina.o
 .text.WriteNextResponseByte
                0x0000000000007126       0x3c Caterina.o
 .text.StartSketch
                0x0000000000007162       0x24 Caterina.o
                0x0000000000007162                StartSketch
 .text.LEDPulse
                0x0000000000007186       0x32 Caterina.o
                0x0000000000007186                LEDPulse
 .text.SetupHardware
                0x00000000000071b8       0x34 Caterina.o
                0x00000000000071b8                SetupHardware
 .text.__vector_17
                0x00000000000071ec       0x86 Caterina.o
                0x00000000000071ec                __vector_17
 .text.EVENT_USB_Device_ConfigurationChanged
                0x0000000000007272       0x18 Caterina.o
                0x0000000000007272                EVENT_USB_Device_ConfigurationChanged
 .text.EVENT_USB_Device_ControlRequest
                0x000000000000728a       0x5c Caterina.o
                0x000000000000728a                EVENT_USB_Device_ControlRequest
 .text.CDC_Task
                0x00000000000072e6      0x4a6 Caterina.o
                0x00000000000072e6                CDC_Task
 .text.startup.main
                0x000000000000778c       0xaa Caterina.o
                0x000000000000778c                main
 .text.CALLBACK_USB_GetDescriptor
                0x0000000000007836       0x64 Descriptors.o
                0x0000000000007836                CALLBACK_USB_GetDescriptor
 .text.Endpoint_ConfigureEndpoint_Prv
                0x000000000000789a       0x26 ../../LUFA-111009/LUFA/Drivers/USB/Core/AVR8/Endpoint_AVR8.o
                0x000000000000789a                Endpoint_ConfigureEndpoint_Prv
 .text.Endpoint_ClearStatusStage
                0x00000000000078c0       0x3a ../../LUFA-111009/LUFA/Drivers/USB/Core/AVR8/Endpoint_AVR8.o
                0x00000000000078c0                Endpoint_ClearStatusStage
 .text.USB_ResetInterface
                0x00000000000078fa       0x76 ../../LUFA-111009/LUFA/Drivers/USB/Core/AVR8/USBController_AVR8.o
                0x00000000000078fa                USB_ResetInterface
 .text.USB_Init
                0x0000000000007970       0x16 ../../LUFA-111009/LUFA/Drivers/USB/Core/AVR8/USBController_AVR8.o
                0x0000000000007970                USB_Init
 .text.USB_INT_DisableAllInterrupts
                0x0000000000007986       0x10 ../../LUFA-111009/LUFA/Drivers/USB/Core/AVR8/USBInterrupt_AVR8.o
                0x0000000000007986                USB_INT_DisableAllInterrupts
 .text.USB_INT_ClearAllInterrupts
                0x0000000000007996        0xa ../../LUFA-111009/LUFA/Drivers/USB/Core/AVR8/USBInterrupt_AVR8.o
                0x0000000000007996                USB_INT_ClearAllInterrupts
 .text.__vector_10
                0x00000000000079a0      0x15c ../../LUFA-111009/LUFA/Drivers/USB/Core/AVR8/USBInterrupt_AVR8.o
                0x00000000000079a0                __vector_10
 .text.Endpoint_Write_Control_Stream_LE
                0x0000000000007afc       0xb0 ../../LUFA-111009/LUFA/Drivers/USB/Core/AVR8/EndpointStream_AVR8.o
                0x0000000000007afc                Endpoint_Write_Control_Stream_LE
 .text.Endpoint_Read_Control_Stream_LE
                0x0000000000007bac       0x7c ../../LUFA-111009/LUFA/Drivers/USB/Core/AVR8/EndpointStream_AVR8.o
                0x0000000000007bac                Endpoint_Read_Control_Stream_LE
 .text.USB_Device_ProcessControlRequest
                0x0000000000007c28      0x1fc ../../LUFA-111009/LUFA/Drivers/USB/Core/DeviceStandardReq.o
                0x0000000000007c28                USB_Device_ProcessControlRequest
 .text.USB_Event_Stub
                0x0000000000007e24        0x2 ../../LUFA-111009/LUFA/Drivers/USB/Core/Events.o
                0x0000000000007e24                EVENT_USB_Device_Connect
                0x0000000000007e24                EVENT_USB_Device_WakeUp
                0x0000000000007e24                USB_Event_Stub
                0x0000000000007e24                EVENT_USB_Device_Suspend
                0x0000000000007e24                EVENT_USB_Device_StartOfFrame
                0x0000000000007e24                EVENT_USB_Device_Disconnect
                0x0000000000007e24                EVENT_USB_Device_Reset
 .text.USB_USBTask
                0x0000000000007e26       0x22 ../../LUFA-111009/LUFA/Drivers/USB/Core/USBTask.o
                0x0000000000007e26                USB_USBTask
 .text.libgcc   0x0000000000007e48        0xc /usr/lib/gcc/avr/5.4.0/avr5/libgcc.a(_tablejump2.o)
                0x0000000000007e48                __tablejump2__
 .text.avr-libc
                0x0000000000007e54       0x10 /usr/lib/gcc/avr/5.4.0/../../../avr/lib/avr5/libatmega32u4.a(eerd_byte.o)
                0x0000000000007e54                eeprom_read_byte
 .text.avr-libc
                0x0000000000007e64       0x1c /usr/lib/gcc/avr/5.4.0/../../../avr/lib/avr5/libatmega32u4.a(eewr_byte.o)
                0x0000000000007e64                eeprom_write_byte
                0x0000000000007e66                eeprom_write_r18
                0x0000000000007e80                . = ALIGN (0x2)
 *(.fini9)
 .fini9         0x0000000000007e80        0x0 /usr/lib/gcc/avr/5.4.0/avr5/libgcc.a(_exit.o)
                0x0000000000007e80                exit
                0x0000000000007e80                _exit
 *(.fini9)
 *(.fini8)
 *(.fini8)
 *(.fini7)
 *(.fini7)
 *(.fini6)
 *(.fini6)
 *(.fini5)
 *(.fini5)
 *(.fini4)
 *(.fini4)
 *(.fini3)
 *(.fini3)
 *(.fini2)
 *(.fini2)
 *(.fini1)
 *(.fini1)
 *(.fini0)
 .fini0         0x0000000000007e80        0x4 /usr/lib/gcc/avr/5.4.0/avr5/libgcc.a(_exit.o)
 *(.fini0)
                0x0000000000007e84                _etext = .

.data           0x0000000000800100       0x96 load address 0x0000000000007e84
                0x0000000000800100                PROVIDE (__data_start, .)
 *(.data)
 .data          0x0000000000800100        0x8 Caterina.o
 *(.data*)
 *(.rodata)
 .rodata        0x0000000000800108       0x84 Descriptors.o
                0x0000000000800108                ManufNameString
                0x000000000080011a                ProductString
                0x0000000000800138                LanguageString
                0x000000000080013c                ConfigurationDescriptor
                0x000000000080017a                DeviceDescriptor
 *(.rodata*)
 .rodata.str1.1
                0x000000000080018c        0x9 Caterina.o
 *(.gnu.linkonce.d*)
                0x0000000000800196                . = ALIGN (0x2)
 *fill*         0x0000000000800195        0x1 
                0x0000000000800196                _edata = .
                0x0000000000800196                PROVIDE (__data_end, .)

.bss            0x0000000000800196       0x16
                0x0000000000800196                PROVIDE (__bss_start, .)
 *(.bss)
 .bss           0x0000000000800196        0xa Caterina.o
                0x0000000000800196                Timeout
                0x0000000000800198                RxLEDPulse
                0x000000000080019a                TxLEDPulse
 *(.bss*)
 *(COMMON)
 COMMON         0x00000000008001a0        0x2 Caterina.o
                0x00000000008001a0                LLEDPulse
 COMMON         0x00000000008001a2        0x1 ../../LUFA-111009/LUFA/Drivers/USB/Core/DeviceStandardReq.o
                0x00000000008001a2                USB_Device_ConfigurationNumber
 COMMON         0x00000000008001a3        0x9 ../../LUFA-111009/LUFA/Drivers/USB/Core/USBTask.o
                0x00000000008001a3                USB_IsInitialized
                0x00000000008001a4                USB_ControlRequest
                0x00000000008001ac                PROVIDE (__bss_end, .)
                0x0000000000007e84                __data_load_start = LOADADDR (.data)
                0x0000000000007f1a                __data_load_end = (__data_load_start + SIZEOF (.data))

.noinit         0x00000000008001ac        0x0
                [!provide]                        PROVIDE (__noinit_start, .)
 *(.noinit*)
                [!provide]                        PROVIDE (__noinit_end, .)
                0x00000000008001ac                _end = .
                [!provide]                        PROVIDE (__heap_start, .)

.eeprom         0x0000000000810000        0x0
 *(.eeprom*)
                0x0000000000810000                __eeprom_end = .

.fuse
 *(.fuse)
 *(.lfuse)
 *(.hfuse)
 *(.efuse)

.lock
 *(.lock*)

.signature
 *(.signature*)

.user_signatures
 *(.user_signatures*)

.stab
 *(.stab)

.stabstr
 *(.stabstr)

.stab.excl
 *(.stab.excl)

.stab.exclstr
 *(.stab.exclstr)

.stab.index
 *(.stab.index)

.stab.indexstr
 *(.stab.indexstr)

.comment        0x0000000000000000       0x11
 *(.comment)
 .comment       0x0000000000000000       0x11 Caterina.o
                                         0x12 (size before relaxing)
 .comment       0x0000000000000011       0x12 Descriptors.o
 .comment       0x0000000000000011       0x12 ../../LUFA-111009/LUFA/Drivers/USB/Core/AVR8/Endpoint_AVR8.o
 .comment       0x0000000000000011       0x12 ../../LUFA-111009/LUFA/Drivers/USB/Core/AVR8/USBController_AVR8.o
 .comment       0x0000000000000011       0x12 ../../LUFA-111009/LUFA/Drivers/USB/Core/AVR8/USBInterrupt_AVR8.o
 .comment       0x0000000000000011       0x12 ../../LUFA-111009/LUFA/Drivers/USB/Core/AVR8/EndpointStream_AVR8.o
 .comment       0x0000000000000011       0x12 ../../LUFA-111009/LUFA/Drivers/USB/Core/DeviceStandardReq.o
 .comment       0x0000000000000011       0x12 ../../LUFA-111009/LUFA/Drivers/USB/Core/Events.o
 .comment       0x0000000000000011       0x12 ../../LUFA-111009/LUFA/Drivers/USB/Core/USBTask.o

.note.gnu.avr.deviceinfo
                0x0000000000000000       0x40
 .note.gnu.avr.deviceinfo
                0x0000000000000000       0x40 /usr/lib/gcc/avr/5.4.0/../../../avr/lib/avr5/crtatmega32u4.o

.note.gnu.build-id
 *(.note.gnu.build-id)

.debug
 *(.debug)

.line
 *(.line)

.debug_srcinfo
 *(.debug_srcinfo)

.debug_sfnames
 *(.debug_sfnames)

.debug_aranges  0x0000000000000000      0x248
 *(.debug_aranges)
 .debug_aranges
                0x0000000000000000       0x68 Caterina.o
 .debug_aranges
                0x0000000000000068       0x20 Descriptors.o
 .debug_aranges
                0x0000000000000088       0x38 ../../LUFA-111009/LUFA/Drivers/USB/Core/AVR8/Endpoint_AVR8.o
 .debug_aranges
                0x00000000000000c0       0x30 ../../LUFA-111009/LUFA/Drivers/USB/Core/AVR8/USBController_AVR8.o
 .debug_aranges
                0x00000000000000f0       0x30 ../../LUFA-111009/LUFA/Drivers/USB/Core/AVR8/USBInterrupt_AVR8.o
 .debug_aranges
                0x0000000000000120       0xc8 ../../LUFA-111009/LUFA/Drivers/USB/Core/AVR8/EndpointStream_AVR8.o
 .debug_aranges
                0x00000000000001e8       0x20 ../../LUFA-111009/LUFA/Drivers/USB/Core/DeviceStandardReq.o
 .debug_aranges
                0x0000000000000208       0x20 ../../LUFA-111009/LUFA/Drivers/USB/Core/Events.o
 .debug_aranges
                0x0000000000000228       0x20 ../../LUFA-111009/LUFA/Drivers/USB/Core/USBTask.o

.debug_pubnames
 *(.debug_pubnames)

.debug_info     0x0000000000000000     0x4e99
 *(.debug_info .gnu.linkonce.wi.*)
 .debug_info    0x0000000000000000      0x9f4 /usr/lib/gcc/avr/5.4.0/../../../avr/lib/avr5/crtatmega32u4.o
 .debug_info    0x00000000000009f4      0xd8b Caterina.o
 .debug_info    0x000000000000177f      0x664 Descriptors.o
 .debug_info    0x0000000000001de3      0x3e1 ../../LUFA-111009/LUFA/Drivers/USB/Core/AVR8/Endpoint_AVR8.o
 .debug_info    0x00000000000021c4      0x492 ../../LUFA-111009/LUFA/Drivers/USB/Core/AVR8/USBController_AVR8.o
 .debug_info    0x0000000000002656      0x5e0 ../../LUFA-111009/LUFA/Drivers/USB/Core/AVR8/USBInterrupt_AVR8.o
 .debug_info    0x0000000000002c36     0x17c4 ../../LUFA-111009/LUFA/Drivers/USB/Core/AVR8/EndpointStream_AVR8.o
 .debug_info    0x00000000000043fa      0x7ea ../../LUFA-111009/LUFA/Drivers/USB/Core/DeviceStandardReq.o
 .debug_info    0x0000000000004be4       0x78 ../../LUFA-111009/LUFA/Drivers/USB/Core/Events.o
 .debug_info    0x0000000000004c5c      0x23d ../../LUFA-111009/LUFA/Drivers/USB/Core/USBTask.o

.debug_abbrev   0x0000000000000000     0x1902
 *(.debug_abbrev)
 .debug_abbrev  0x0000000000000000      0x96a /usr/lib/gcc/avr/5.4.0/../../../avr/lib/avr5/crtatmega32u4.o
 .debug_abbrev  0x000000000000096a      0x3ce Caterina.o
 .debug_abbrev  0x0000000000000d38      0x117 Descriptors.o
 .debug_abbrev  0x0000000000000e4f      0x187 ../../LUFA-111009/LUFA/Drivers/USB/Core/AVR8/Endpoint_AVR8.o
 .debug_abbrev  0x0000000000000fd6      0x1c0 ../../LUFA-111009/LUFA/Drivers/USB/Core/AVR8/USBController_AVR8.o
 .debug_abbrev  0x0000000000001196      0x1b1 ../../LUFA-111009/LUFA/Drivers/USB/Core/AVR8/USBInterrupt_AVR8.o
 .debug_abbrev  0x0000000000001347      0x1d2 ../../LUFA-111009/LUFA/Drivers/USB/Core/AVR8/EndpointStream_AVR8.o
 .debug_abbrev  0x0000000000001519      0x246 ../../LUFA-111009/LUFA/Drivers/USB/Core/DeviceStandardReq.o
 .debug_abbrev  0x000000000000175f       0x44 ../../LUFA-111009/LUFA/Drivers/USB/Core/Events.o
 .debug_abbrev  0x00000000000017a3      0x15f ../../LUFA-111009/LUFA/Drivers/USB/Core/USBTask.o

.debug_line     0x0000000000000000     0x2e36
 *(.debug_line .debug_line.* .debug_line_end)
 .debug_line    0x0000000000000000       0x1a /usr/lib/gcc/avr/5.4.0/../../../avr/lib/avr5/crtatmega32u4.o
 .debug_line    0x000000000000001a      0x8c1 Caterina.o
 .debug_line    0x00000000000008db      0x192 Descriptors.o
 .debug_line    0x0000000000000a6d      0x35f ../../LUFA-111009/LUFA/Drivers/USB/Core/AVR8/Endpoint_AVR8.o
 .debug_line    0x0000000000000dcc      0x2b2 ../../LUFA-111009/LUFA/Drivers/USB/Core/AVR8/USBController_AVR8.o
 .debug_line    0x000000000000107e      0x431 ../../LUFA-111009/LUFA/Drivers/USB/Core/AVR8/USBInterrupt_AVR8.o
 .debug_line    0x00000000000014af     0x13d4 ../../LUFA-111009/LUFA/Drivers/USB/Core/AVR8/EndpointStream_AVR8.o
 .debug_line    0x0000000000002883      0x3e9 ../../LUFA-111009/LUFA/Drivers/USB/Core/DeviceStandardReq.o
 .debug_line    0x0000000000002c6c       0x5e ../../LUFA-111009/LUFA/Drivers/USB/Core/Events.o
 .debug_line    0x0000000000002cca      0x16c ../../LUFA-111009/LUFA/Drivers/USB/Core/USBTask.o

.debug_frame    0x0000000000000000      0x76c
 *(.debug_frame)
 .debug_frame   0x0000000000000000      0x140 Caterina.o
 .debug_frame   0x0000000000000140       0x24 Descriptors.o
 .debug_frame   0x0000000000000164       0x54 ../../LUFA-111009/LUFA/Drivers/USB/Core/AVR8/Endpoint_AVR8.o
 .debug_frame   0x00000000000001b8       0x5c ../../LUFA-111009/LUFA/Drivers/USB/Core/AVR8/USBController_AVR8.o
 .debug_frame   0x0000000000000214       0x98 ../../LUFA-111009/LUFA/Drivers/USB/Core/AVR8/USBInterrupt_AVR8.o
 .debug_frame   0x00000000000002ac      0x42c ../../LUFA-111009/LUFA/Drivers/USB/Core/AVR8/EndpointStream_AVR8.o
 .debug_frame   0x00000000000006d8       0x44 ../../LUFA-111009/LUFA/Drivers/USB/Core/DeviceStandardReq.o
 .debug_frame   0x000000000000071c       0x24 ../../LUFA-111009/LUFA/Drivers/USB/Core/Events.o
 .debug_frame   0x0000000000000740       0x2c ../../LUFA-111009/LUFA/Drivers/USB/Core/USBTask.o

.debug_str      0x0000000000000000     0x2068
 *(.debug_str)
 .debug_str     0x0000000000000000      0x371 /usr/lib/gcc/avr/5.4.0/../../../avr/lib/avr5/crtatmega32u4.o
 .debug_str     0x0000000000000371      0x7f8 Caterina.o
                                        0x88e (size before relaxing)
 .debug_str     0x0000000000000b69      0x62a Descriptors.o
                                        0x823 (size before relaxing)
 .debug_str     0x0000000000001193      0x243 ../../LUFA-111009/LUFA/Drivers/USB/Core/AVR8/Endpoint_AVR8.o
                                        0x55d (size before relaxing)
 .debug_str     0x00000000000013d6      0x24f ../../LUFA-111009/LUFA/Drivers/USB/Core/AVR8/USBController_AVR8.o
                                        0x51d (size before relaxing)
 .debug_str     0x0000000000001625      0x155 ../../LUFA-111009/LUFA/Drivers/USB/Core/AVR8/USBInterrupt_AVR8.o
                                        0x513 (size before relaxing)
 .debug_str     0x000000000000177a      0x4a5 ../../LUFA-111009/LUFA/Drivers/USB/Core/AVR8/EndpointStream_AVR8.o
                                        0x867 (size before relaxing)
 .debug_str     0x0000000000001c1f      0x39f ../../LUFA-111009/LUFA/Drivers/USB/Core/DeviceStandardReq.o
                                        0x7cb (size before relaxing)
 .debug_str     0x0000000000001fbe       0x40 ../../LUFA-111009/LUFA/Drivers/USB/Core/Events.o
                                        0x1af (size before relaxing)
 .debug_str     0x0000000000001ffe       0x6a ../../LUFA-111009/LUFA/Drivers/USB/Core/USBTask.o
                                        0x369 (size before relaxing)

.debug_loc      0x0000000000000000     0x2f0d
 *(.debug_loc)
 .debug_loc     0x0000000000000000      0x718 Caterina.o
 .debug_loc     0x0000000000000718      0x1f4 Descriptors.o
 .debug_loc     0x000000000000090c      0x10f ../../LUFA-111009/LUFA/Drivers/USB/Core/AVR8/Endpoint_AVR8.o
 .debug_loc     0x0000000000000a1b       0x85 ../../LUFA-111009/LUFA/Drivers/USB/Core/AVR8/USBController_AVR8.o
 .debug_loc     0x0000000000000aa0      0x233 ../../LUFA-111009/LUFA/Drivers/USB/Core/AVR8/USBInterrupt_AVR8.o
 .debug_loc     0x0000000000000cd3     0x1fb7 ../../LUFA-111009/LUFA/Drivers/USB/Core/AVR8/EndpointStream_AVR8.o
 .debug_loc     0x0000000000002c8a      0x23a ../../LUFA-111009/LUFA/Drivers/USB/Core/DeviceStandardReq.o
 .debug_loc     0x0000000000002ec4       0x49 ../../LUFA-111009/LUFA/Drivers/USB/Core/USBTask.o

.debug_macinfo
 *(.debug_macinfo)

.debug_weaknames
 *(.debug_weaknames)

.debug_funcnames
 *(.debug_funcnames)

.debug_typenames
 *(.debug_typenames)

.debug_varnames
 *(.debug_varnames)

.debug_pubtypes
 *(.debug_pubtypes)

.debug_ranges   0x0000000000000000      0x328
 *(.debug_ranges)
 .debug_ranges  0x0000000000000000       0x58 Caterina.o
 .debug_ranges  0x0000000000000058       0x10 Descriptors.o
 .debug_ranges  0x0000000000000068       0x40 ../../LUFA-111009/LUFA/Drivers/USB/Core/AVR8/Endpoint_AVR8.o
 .debug_ranges  0x00000000000000a8       0x20 ../../LUFA-111009/LUFA/Drivers/USB/Core/AVR8/USBController_AVR8.o
 .debug_ranges  0x00000000000000c8       0x38 ../../LUFA-111009/LUFA/Drivers/USB/Core/AVR8/USBInterrupt_AVR8.o
 .debug_ranges  0x0000000000000100      0x1f8 ../../LUFA-111009/LUFA/Drivers/USB/Core/AVR8/EndpointStream_AVR8.o
 .debug_ranges  0x00000000000002f8       0x10 ../../LUFA-111009/LUFA/Drivers/USB/Core/DeviceStandardReq.o
 .debug_ranges  0x0000000000000308       0x10 ../../LUFA-111009/LUFA/Drivers/USB/Core/Events.o
 .debug_ranges  0x0000000000000318       0x10 ../../LUFA-111009/LUFA/Drivers/USB/Core/USBTask.o

.debug_macro
 *(.debug_macro)
OUTPUT(Caterina.elf elf32-avr)
LOAD linker stubs

Cross Reference Table

Symbol                                            File
CALLBACK_HIDParser_FilterHIDReportItem            ../../LUFA-111009/LUFA/Drivers/USB/Class/Common/HIDParser.o
CALLBACK_USB_GetDescriptor                        Descriptors.o
                                                  ../../LUFA-111009/LUFA/Drivers/USB/Core/DeviceStandardReq.o
CDC_Task                                          Caterina.o
ConfigurationDescriptor                           Descriptors.o
DeviceDescriptor                                  Descriptors.o
EVENT_USB_Device_ConfigurationChanged             Caterina.o
                                                  ../../LUFA-111009/LUFA/Drivers/USB/Core/DeviceStandardReq.o
EVENT_USB_Device_Connect                          ../../LUFA-111009/LUFA/Drivers/USB/Core/Events.o
                                                  ../../LUFA-111009/LUFA/Drivers/USB/Core/AVR8/USBInterrupt_AVR8.o
EVENT_USB_Device_ControlRequest                   Caterina.o
                                                  ../../LUFA-111009/LUFA/Drivers/USB/Core/DeviceStandardReq.o
EVENT_USB_Device_Disconnect                       ../../LUFA-111009/LUFA/Drivers/USB/Core/Events.o
                                                  ../../LUFA-111009/LUFA/Drivers/USB/Core/AVR8/USBInterrupt_AVR8.o
EVENT_USB_Device_Reset                            ../../LUFA-111009/LUFA/Drivers/USB/Core/Events.o
                                                  ../../LUFA-111009/LUFA/Drivers/USB/Core/AVR8/USBInterrupt_AVR8.o
EVENT_USB_Device_StartOfFrame                     ../../LUFA-111009/LUFA/Drivers/USB/Core/Events.o
EVENT_USB_Device_Suspend                          ../../LUFA-111009/LUFA/Drivers/USB/Core/Events.o
                                                  ../../LUFA-111009/LUFA/Drivers/USB/Core/AVR8/USBInterrupt_AVR8.o
EVENT_USB_Device_WakeUp                           ../../LUFA-111009/LUFA/Drivers/USB/Core/Events.o
                                                  ../../LUFA-111009/LUFA/Drivers/USB/Core/AVR8/USBInterrupt_AVR8.o
Endpoint_ClearEndpoints                           ../../LUFA-111009/LUFA/Drivers/USB/Core/AVR8/Endpoint_AVR8.o
Endpoint_ClearStatusStage                         ../../LUFA-111009/LUFA/Drivers/USB/Core/AVR8/Endpoint_AVR8.o
                                                  ../../LUFA-111009/LUFA/Drivers/USB/Core/DeviceStandardReq.o
Endpoint_ConfigureEndpoint_Prv                    ../../LUFA-111009/LUFA/Drivers/USB/Core/AVR8/Endpoint_AVR8.o
                                                  ../../LUFA-111009/LUFA/Drivers/USB/Core/AVR8/USBInterrupt_AVR8.o
                                                  ../../LUFA-111009/LUFA/Drivers/USB/Core/AVR8/USBController_AVR8.o
                                                  Caterina.o
Endpoint_Discard_Stream                           ../../LUFA-111009/LUFA/Drivers/USB/Core/AVR8/EndpointStream_AVR8.o
Endpoint_Null_Stream                              ../../LUFA-111009/LUFA/Drivers/USB/Core/AVR8/EndpointStream_AVR8.o
Endpoint_Read_Control_EStream_BE                  ../../LUFA-111009/LUFA/Drivers/USB/Core/AVR8/EndpointStream_AVR8.o
Endpoint_Read_Control_EStream_LE                  ../../LUFA-111009/LUFA/Drivers/USB/Core/AVR8/EndpointStream_AVR8.o
Endpoint_Read_Control_Stream_BE                   ../../LUFA-111009/LUFA/Drivers/USB/Core/AVR8/EndpointStream_AVR8.o
Endpoint_Read_Control_Stream_LE                   ../../LUFA-111009/LUFA/Drivers/USB/Core/AVR8/EndpointStream_AVR8.o
                                                  Caterina.o
Endpoint_Read_EStream_BE                          ../../LUFA-111009/LUFA/Drivers/USB/Core/AVR8/EndpointStream_AVR8.o
Endpoint_Read_EStream_LE                          ../../LUFA-111009/LUFA/Drivers/USB/Core/AVR8/EndpointStream_AVR8.o
Endpoint_Read_Stream_BE                           ../../LUFA-111009/LUFA/Drivers/USB/Core/AVR8/EndpointStream_AVR8.o
Endpoint_Read_Stream_LE                           ../../LUFA-111009/LUFA/Drivers/USB/Core/AVR8/EndpointStream_AVR8.o
Endpoint_WaitUntilReady                           ../../LUFA-111009/LUFA/Drivers/USB/Core/AVR8/Endpoint_AVR8.o
                                                  ../../LUFA-111009/LUFA/Drivers/USB/Core/AVR8/EndpointStream_AVR8.o
Endpoint_Write_Control_EStream_BE                 ../../LUFA-111009/LUFA/Drivers/USB/Core/AVR8/EndpointStream_AVR8.o
Endpoint_Write_Control_EStream_LE                 ../../LUFA-111009/LUFA/Drivers/USB/Core/AVR8/EndpointStream_AVR8.o
Endpoint_Write_Control_PStream_BE                 ../../LUFA-111009/LUFA/Drivers/USB/Core/AVR8/EndpointStream_AVR8.o
Endpoint_Write_Control_PStream_LE                 ../../LUFA-111009/LUFA/Drivers/USB/Core/AVR8/EndpointStream_AVR8.o
Endpoint_Write_Control_Stream_BE                  ../../LUFA-111009/LUFA/Drivers/USB/Core/AVR8/EndpointStream_AVR8.o
Endpoint_Write_Control_Stream_LE                  ../../LUFA-111009/LUFA/Drivers/USB/Core/AVR8/EndpointStream_AVR8.o
                                                  ../../LUFA-111009/LUFA/Drivers/USB/Core/DeviceStandardReq.o
                                                  Caterina.o
Endpoint_Write_EStream_BE                         ../../LUFA-111009/LUFA/Drivers/USB/Core/AVR8/EndpointStream_AVR8.o
Endpoint_Write_EStream_LE                         ../../LUFA-111009/LUFA/Drivers/USB/Core/AVR8/EndpointStream_AVR8.o
Endpoint_Write_PStream_BE                         ../../LUFA-111009/LUFA/Drivers/USB/Core/AVR8/EndpointStream_AVR8.o
Endpoint_Write_PStream_LE                         ../../LUFA-111009/LUFA/Drivers/USB/Core/AVR8/EndpointStream_AVR8.o
Endpoint_Write_Stream_BE                          ../../LUFA-111009/LUFA/Drivers/USB/Core/AVR8/EndpointStream_AVR8.o
Endpoint_Write_Stream_LE                          ../../LUFA-111009/LUFA/Drivers/USB/Core/AVR8/EndpointStream_AVR8.o
LEDPulse                                          Caterina.o
LLEDPulse                                         Caterina.o
LanguageString                                    Descriptors.o
ManufNameString                                   Descriptors.o
ProductString                                     Descriptors.o
RxLEDPulse                                        Caterina.o
SetupHardware                                     Caterina.o
StartSketch                                       Caterina.o
Timeout                                           Caterina.o
TxLEDPulse                                        Caterina.o
USB_ControlRequest                                ../../LUFA-111009/LUFA/Drivers/USB/Core/USBTask.o
                                                  ../../LUFA-111009/LUFA/Drivers/USB/Core/DeviceStandardReq.o
                                                  ../../LUFA-111009/LUFA/Drivers/USB/Core/AVR8/EndpointStream_AVR8.o
                                                  ../../LUFA-111009/LUFA/Drivers/USB/Core/AVR8/Endpoint_AVR8.o
                                                  Caterina.o
USB_Device_ConfigurationNumber                    ../../LUFA-111009/LUFA/Drivers/USB/Core/DeviceStandardReq.o
                                                  ../../LUFA-111009/LUFA/Drivers/USB/Core/AVR8/USBInterrupt_AVR8.o
                                                  ../../LUFA-111009/LUFA/Drivers/USB/Core/AVR8/USBController_AVR8.o
USB_Device_ProcessControlRequest                  ../../LUFA-111009/LUFA/Drivers/USB/Core/DeviceStandardReq.o
                                                  ../../LUFA-111009/LUFA/Drivers/USB/Core/USBTask.o
USB_Device_SendRemoteWakeup                       ../../LUFA-111009/LUFA/Drivers/USB/Core/AVR8/Device_AVR8.o
USB_Disable                                       ../../LUFA-111009/LUFA/Drivers/USB/Core/AVR8/USBController_AVR8.o
USB_Event_Stub                                    ../../LUFA-111009/LUFA/Drivers/USB/Core/Events.o
USB_GetHIDReportItemInfo                          ../../LUFA-111009/LUFA/Drivers/USB/Class/Common/HIDParser.o
USB_GetHIDReportSize                              ../../LUFA-111009/LUFA/Drivers/USB/Class/Common/HIDParser.o
USB_GetNextDescriptorComp                         ../../LUFA-111009/LUFA/Drivers/USB/Core/ConfigDescriptor.o
USB_GetNextDescriptorOfType                       ../../LUFA-111009/LUFA/Drivers/USB/Core/ConfigDescriptor.o
USB_GetNextDescriptorOfTypeAfter                  ../../LUFA-111009/LUFA/Drivers/USB/Core/ConfigDescriptor.o
USB_GetNextDescriptorOfTypeBefore                 ../../LUFA-111009/LUFA/Drivers/USB/Core/ConfigDescriptor.o
USB_INT_ClearAllInterrupts                        ../../LUFA-111009/LUFA/Drivers/USB/Core/AVR8/USBInterrupt_AVR8.o
                                                  ../../LUFA-111009/LUFA/Drivers/USB/Core/AVR8/USBController_AVR8.o
USB_INT_DisableAllInterrupts                      ../../LUFA-111009/LUFA/Drivers/USB/Core/AVR8/USBInterrupt_AVR8.o
                                                  ../../LUFA-111009/LUFA/Drivers/USB/Core/AVR8/USBController_AVR8.o
USB_Init                                          ../../LUFA-111009/LUFA/Drivers/USB/Core/AVR8/USBController_AVR8.o
                                                  Caterina.o
USB_IsInitialized                                 ../../LUFA-111009/LUFA/Drivers/USB/Core/USBTask.o
                                                  ../../LUFA-111009/LUFA/Drivers/USB/Core/AVR8/USBController_AVR8.o
USB_ProcessHIDReport                              ../../LUFA-111009/LUFA/Drivers/USB/Class/Common/HIDParser.o
USB_ResetInterface                                ../../LUFA-111009/LUFA/Drivers/USB/Core/AVR8/USBController_AVR8.o
USB_SetHIDReportItemInfo                          ../../LUFA-111009/LUFA/Drivers/USB/Class/Common/HIDParser.o
USB_USBTask                                       ../../LUFA-111009/LUFA/Drivers/USB/Core/USBTask.o
                                                  ../../LUFA-111009/LUFA/Drivers/USB/Core/AVR8/EndpointStream_AVR8.o
                                                  Caterina.o
__FUSE_REGION_LENGTH__                            /usr/lib/gcc/avr/5.4.0/../../../avr/lib/avr5/crtatmega32u4.o
__bad_interrupt                                   /usr/lib/gcc/avr/5.4.0/../../../avr/lib/avr5/crtatmega32u4.o
__bss_end                                         /usr/lib/gcc/avr/5.4.0/avr5/libgcc.a(_clear_bss.o)
__bss_start                                       /usr/lib/gcc/avr/5.4.0/avr5/libgcc.a(_clear_bss.o)
__data_end                                        /usr/lib/gcc/avr/5.4.0/avr5/libgcc.a(_copy_data.o)
__data_load_start                                 /usr/lib/gcc/avr/5.4.0/avr5/libgcc.a(_copy_data.o)
__data_start                                      /usr/lib/gcc/avr/5.4.0/avr5/libgcc.a(_copy_data.o)
__do_clear_bss                                    /usr/lib/gcc/avr/5.4.0/avr5/libgcc.a(_clear_bss.o)
                                                  ../../LUFA-111009/LUFA/Drivers/USB/Core/USBTask.o
                                                  ../../LUFA-111009/LUFA/Drivers/USB/Core/DeviceStandardReq.o
                                                  Caterina.o
__do_copy_data                                    /usr/lib/gcc/avr/5.4.0/avr5/libgcc.a(_copy_data.o)
                                                  Descriptors.o
                                                  Caterina.o
__heap_end                                        /usr/lib/gcc/avr/5.4.0/../../../avr/lib/avr5/crtatmega32u4.o
__init                                            /usr/lib/gcc/avr/5.4.0/../../../avr/lib/avr5/crtatmega32u4.o
__stack                                           /usr/lib/gcc/avr/5.4.0/../../../avr/lib/avr5/crtatmega32u4.o
__tablejump2__                                    /usr/lib/gcc/avr/5.4.0/avr5/libgcc.a(_tablejump2.o)
                                                  ../../LUFA-111009/LUFA/Drivers/USB/Core/DeviceStandardReq.o
__vector_1                                        /usr/lib/gcc/avr/5.4.0/../../../avr/lib/avr5/crtatmega32u4.o
__vector_10                                       ../../LUFA-111009/LUFA/Drivers/USB/Core/AVR8/USBInterrupt_AVR8.o
                                                  /usr/lib/gcc/avr/5.4.0/../../../avr/lib/avr5/crtatmega32u4.o
__vector_11                                       /usr/lib/gcc/avr/5.4.0/../../../avr/lib/avr5/crtatmega32u4.o
__vector_12                                       /usr/lib/gcc/avr/5.4.0/../../../avr/lib/avr5/crtatmega32u4.o
__vector_13                                       /usr/lib/gcc/avr/5.4.0/../../../avr/lib/avr5/crtatmega32u4.o
__vector_14                                       /usr/lib/gcc/avr/5.4.0/../../../avr/lib/avr5/crtatmega32u4.o
__vector_15                                       /usr/lib/gcc/avr/5.4.0/../../../avr/lib/avr5/crtatmega32u4.o
__vector_16                                       /usr/lib/gcc/avr/5.4.0/../../../avr/lib/avr5/crtatmega32u4.o
__vector_17                                       Caterina.o
                                                  /usr/lib/gcc/avr/5.4.0/../../../avr/lib/avr5/crtatmega32u4.o
__vector_18                                       /usr/lib/gcc/avr/5.4.0/../../../avr/lib/avr5/crtatmega32u4.o
__vector_19                                       /usr/lib/gcc/avr/5.4.0/../../../avr/lib/avr5/crtatmega32u4.o
__vector_2                                        /usr/lib/gcc/avr/5.4.0/../../../avr/lib/avr5/crtatmega32u4.o
__vector_20                                       /usr/lib/gcc/avr/5.4.0/../../../avr/lib/avr5/crtatmega32u4.o
__vector_21                                       /usr/lib/gcc/avr/5.4.0/../../../avr/lib/avr5/crtatmega32u4.o
__vector_22                                       /usr/lib/gcc/avr/5.4.0/../../../avr/lib/avr5/crtatmega32u4.o
__vector_23                                       /usr/lib/gcc/avr/5.4.0/../../../avr/lib/avr5/crtatmega32u4.o
__vector_24                                       /usr/lib/gcc/avr/5.4.0/../../../avr/lib/avr5/crtatmega32u4.o
__vector_25                                       /usr/lib/gcc/avr/5.4.0/../../../avr/lib/avr5/crtatmega32u4.o
__vector_26                                       /usr/lib/gcc/avr/5.4.0/../../../avr/lib/avr5/crtatmega32u4.o
__vector_27                                       /usr/lib/gcc/avr/5.4.0/../../../avr/lib/avr5/crtatmega32u4.o
__vector_28                                       /usr/lib/gcc/avr/5.4.0/../../../avr/lib/avr5/crtatmega32u4.o
__vector_29                                       /usr/lib/gcc/avr/5.4.0/../../../avr/lib/avr5/crtatmega32u4.o
__vector_3                                        /usr/lib/gcc/avr/5.4.0/../../../avr/lib/avr5/crtatmega32u4.o
__vector_30                                       /usr/lib/gcc/avr/5.4.0/../../../avr/lib/avr5/crtatmega32u4.o
__vector_31                                       /usr/lib/gcc/avr/5.4.0/../../../avr/lib/avr5/crtatmega32u4.o
__vector_32                                       /usr/lib/gcc/avr/5.4.0/../../../avr/lib/avr5/crtatmega32u4.o
__vector_33                                       /usr/lib/gcc/avr/5.4.0/../../../avr/lib/avr5/crtatmega32u4.o
__vector_34                                       /usr/lib/gcc/avr/5.4.0/../../../avr/lib/avr5/crtatmega32u4.o
__vector_35                                       /usr/lib/gcc/avr/5.4.0/../../../avr/lib/avr5/crtatmega32u4.o
__vector_36                                       /usr/lib/gcc/avr/5.4.0/../../../avr/lib/avr5/crtatmega32u4.o
__vector_37                                       /usr/lib/gcc/avr/5.4.0/../../../avr/lib/avr5/crtatmega32u4.o
__vector_38                                       /usr/lib/gcc/avr/5.4.0/../../../avr/lib/avr5/crtatmega32u4.o
__vector_39                                       /usr/lib/gcc/avr/5.4.0/../../../avr/lib/avr5/crtatmega32u4.o
__vector_4                                        /usr/lib/gcc/avr/5.4.0/../../../avr/lib/avr5/crtatmega32u4.o
__vector_40                                       /usr/lib/gcc/avr/5.4.0/../../../avr/lib/avr5/crtatmega32u4.o
__vector_41                                       /usr/lib/gcc/avr/5.4.0/../../../avr/lib/avr5/crtatmega32u4.o
__vector_42                                       /usr/lib/gcc/avr/5.4.0/../../../avr/lib/avr5/crtatmega32u4.o
__vector_5                                        /usr/lib/gcc/avr/5.4.0/../../../avr/lib/avr5/crtatmega32u4.o
__vector_6                                        /usr/lib/gcc/avr/5.4.0/../../../avr/lib/avr5/crtatmega32u4.o
__vector_7                                        /usr/lib/gcc/avr/5.4.0/../../../avr/lib/avr5/crtatmega32u4.o
__vector_8                                        /usr/lib/gcc/avr/5.4.0/../../../avr/lib/avr5/crtatmega32u4.o
__vector_9                                        /usr/lib/gcc/avr/5.4.0/../../../avr/lib/avr5/crtatmega32u4.o
__vector_default                                  /usr/lib/gcc/avr/5.4.0/../../../avr/lib/avr5/crtatmega32u4.o
__vectors                                         /usr/lib/gcc/avr/5.4.0/../../../avr/lib/avr5/crtatmega32u4.o
_exit                                             /usr/lib/gcc/avr/5.4.0/avr5/libgcc.a(_exit.o)
bootKeyPtr                                        Caterina.o
eeprom_read_byte                                  /usr/lib/gcc/avr/5.4.0/../../../avr/lib/avr5/libatmega32u4.a(eerd_byte.o)
                                                  ../../LUFA-111009/LUFA/Drivers/USB/Core/AVR8/EndpointStream_AVR8.o
                                                  Caterina.o
eeprom_update_byte                                /usr/lib/gcc/avr/5.4.0/../../../avr/lib/avr5/libatmega32u4.a(eeupd_byte.o)
                                                  ../../LUFA-111009/LUFA/Drivers/USB/Core/AVR8/EndpointStream_AVR8.o
eeprom_update_r18                                 /usr/lib/gcc/avr/5.4.0/../../../avr/lib/avr5/libatmega32u4.a(eeupd_byte.o)
eeprom_write_byte                                 /usr/lib/gcc/avr/5.4.0/../../../avr/lib/avr5/libatmega32u4.a(eewr_byte.o)
                                                  Caterina.o
eeprom_write_r18                                  /usr/lib/gcc/avr/5.4.0/../../../avr/lib/avr5/libatmega32u4.a(eewr_byte.o)
exit                                              /usr/lib/gcc/avr/5.4.0/avr5/libgcc.a(_exit.o)
                                                  /usr/lib/gcc/avr/5.4.0/../../../avr/lib/avr5/crtatmega32u4.o
main                                              Caterina.o
                                                  /usr/lib/gcc/avr/5.4.0/../../../avr/lib/avr5/crtatmega32u4.o
