Archive member included to satisfy reference by file (symbol)

/usr/local/Cellar/avr-gcc/9.2.0_1/lib/avr-gcc/9/gcc/avr/9.2.0/avr5/libgcc.a(_exit.o)
                              /usr/local/Cellar/avr-gcc/9.2.0_1/lib/avr-gcc/9/gcc/avr/9.2.0/../../../../../../avr/lib/avr5/crtatmega32u4.o (exit)
/usr/local/Cellar/avr-gcc/9.2.0_1/lib/avr-gcc/9/gcc/avr/9.2.0/avr5/libgcc.a(_tablejump2.o)
                              ../../LUFA-111009/LUFA/Drivers/USB/Core/DeviceStandardReq.o (__tablejump2__)
/usr/local/Cellar/avr-gcc/9.2.0_1/lib/avr-gcc/9/gcc/avr/9.2.0/avr5/libgcc.a(_copy_data.o)
                              Caterina.o (__do_copy_data)
/usr/local/Cellar/avr-gcc/9.2.0_1/lib/avr-gcc/9/gcc/avr/9.2.0/avr5/libgcc.a(_clear_bss.o)
                              Caterina.o (__do_clear_bss)
/usr/local/Cellar/avr-gcc/9.2.0_1/lib/avr-gcc/9/gcc/avr/9.2.0/../../../../../../avr/lib/avr5/libatmega32u4.a(eerd_byte.o)
                              Caterina.o (eeprom_read_byte)
/usr/local/Cellar/avr-gcc/9.2.0_1/lib/avr-gcc/9/gcc/avr/9.2.0/../../../../../../avr/lib/avr5/libatmega32u4.a(eeupd_byte.o)
                              ../../LUFA-111009/LUFA/Drivers/USB/Core/AVR8/EndpointStream_AVR8.o (eeprom_update_byte)
/usr/local/Cellar/avr-gcc/9.2.0_1/lib/avr-gcc/9/gcc/avr/9.2.0/../../../../../../avr/lib/avr5/libatmega32u4.a(eewr_byte.o)
                              Caterina.o (eeprom_write_byte)

Allocating common symbols
Common symbol       size              file

LLEDPulse           0x2               Caterina.o
USB_IsInitialized   0x1               ../../LUFA-111009/LUFA/Drivers/USB/Core/USBTask.o
USB_Device_ConfigurationNumber
                    0x1               ../../LUFA-111009/LUFA/Drivers/USB/Core/DeviceStandardReq.o
USB_ControlRequest  0x8               ../../LUFA-111009/LUFA/Drivers/USB/Core/USBTask.o

Discarded input sections

 .data          0x0000000000000000        0x0 /usr/local/Cellar/avr-gcc/9.2.0_1/lib/avr-gcc/9/gcc/avr/9.2.0/../../../../../../avr/lib/avr5/crtatmega32u4.o
 .bss           0x0000000000000000        0x0 /usr/local/Cellar/avr-gcc/9.2.0_1/lib/avr-gcc/9/gcc/avr/9.2.0/../../../../../../avr/lib/avr5/crtatmega32u4.o
 .text          0x0000000000000000        0x0 Caterina.o
 .text.TWIInit  0x0000000000000000       0x12 Caterina.o
 .text.TWIStop  0x0000000000000000        0x8 Caterina.o
 .text.ReadBatteryVoltage
                0x0000000000000000       0x40 Caterina.o
 .text.AlertFatalError
                0x0000000000000000       0x32 Caterina.o
 .text          0x0000000000000000        0x0 Descriptors.o
 .data          0x0000000000000000        0x0 Descriptors.o
 .bss           0x0000000000000000        0x0 Descriptors.o
 .text          0x0000000000000000        0x0 ../../LUFA-111009/LUFA/Drivers/USB/Core/AVR8/Device_AVR8.o
 .data          0x0000000000000000        0x0 ../../LUFA-111009/LUFA/Drivers/USB/Core/AVR8/Device_AVR8.o
 .bss           0x0000000000000000        0x0 ../../LUFA-111009/LUFA/Drivers/USB/Core/AVR8/Device_AVR8.o
 .text.USB_Device_SendRemoteWakeup
                0x0000000000000000       0x2a ../../LUFA-111009/LUFA/Drivers/USB/Core/AVR8/Device_AVR8.o
 .debug_info    0x0000000000000000      0x191 ../../LUFA-111009/LUFA/Drivers/USB/Core/AVR8/Device_AVR8.o
 .debug_abbrev  0x0000000000000000       0xcb ../../LUFA-111009/LUFA/Drivers/USB/Core/AVR8/Device_AVR8.o
 .debug_aranges
                0x0000000000000000       0x20 ../../LUFA-111009/LUFA/Drivers/USB/Core/AVR8/Device_AVR8.o
 .debug_ranges  0x0000000000000000       0x10 ../../LUFA-111009/LUFA/Drivers/USB/Core/AVR8/Device_AVR8.o
 .debug_line    0x0000000000000000      0x275 ../../LUFA-111009/LUFA/Drivers/USB/Core/AVR8/Device_AVR8.o
 .debug_str     0x0000000000000000      0x2a0 ../../LUFA-111009/LUFA/Drivers/USB/Core/AVR8/Device_AVR8.o
 .comment       0x0000000000000000       0x12 ../../LUFA-111009/LUFA/Drivers/USB/Core/AVR8/Device_AVR8.o
 .debug_frame   0x0000000000000000       0x24 ../../LUFA-111009/LUFA/Drivers/USB/Core/AVR8/Device_AVR8.o
 .text          0x0000000000000000        0x0 ../../LUFA-111009/LUFA/Drivers/USB/Core/AVR8/Endpoint_AVR8.o
 .data          0x0000000000000000        0x0 ../../LUFA-111009/LUFA/Drivers/USB/Core/AVR8/Endpoint_AVR8.o
 .bss           0x0000000000000000        0x0 ../../LUFA-111009/LUFA/Drivers/USB/Core/AVR8/Endpoint_AVR8.o
 .text.Endpoint_ClearEndpoints
                0x0000000000000000       0x28 ../../LUFA-111009/LUFA/Drivers/USB/Core/AVR8/Endpoint_AVR8.o
 .text.Endpoint_WaitUntilReady
                0x0000000000000000       0x60 ../../LUFA-111009/LUFA/Drivers/USB/Core/AVR8/Endpoint_AVR8.o
 .text          0x0000000000000000        0x0 ../../LUFA-111009/LUFA/Drivers/USB/Core/AVR8/Host_AVR8.o
 .data          0x0000000000000000        0x0 ../../LUFA-111009/LUFA/Drivers/USB/Core/AVR8/Host_AVR8.o
 .bss           0x0000000000000000        0x0 ../../LUFA-111009/LUFA/Drivers/USB/Core/AVR8/Host_AVR8.o
 .debug_line    0x0000000000000000        0x0 ../../LUFA-111009/LUFA/Drivers/USB/Core/AVR8/Host_AVR8.o
 .debug_str     0x0000000000000000      0x152 ../../LUFA-111009/LUFA/Drivers/USB/Core/AVR8/Host_AVR8.o
 .comment       0x0000000000000000       0x12 ../../LUFA-111009/LUFA/Drivers/USB/Core/AVR8/Host_AVR8.o
 .text          0x0000000000000000        0x0 ../../LUFA-111009/LUFA/Drivers/USB/Core/AVR8/Pipe_AVR8.o
 .data          0x0000000000000000        0x0 ../../LUFA-111009/LUFA/Drivers/USB/Core/AVR8/Pipe_AVR8.o
 .bss           0x0000000000000000        0x0 ../../LUFA-111009/LUFA/Drivers/USB/Core/AVR8/Pipe_AVR8.o
 .debug_line    0x0000000000000000        0x0 ../../LUFA-111009/LUFA/Drivers/USB/Core/AVR8/Pipe_AVR8.o
 .debug_str     0x0000000000000000      0x152 ../../LUFA-111009/LUFA/Drivers/USB/Core/AVR8/Pipe_AVR8.o
 .comment       0x0000000000000000       0x12 ../../LUFA-111009/LUFA/Drivers/USB/Core/AVR8/Pipe_AVR8.o
 .text          0x0000000000000000        0x0 ../../LUFA-111009/LUFA/Drivers/USB/Core/AVR8/USBController_AVR8.o
 .data          0x0000000000000000        0x0 ../../LUFA-111009/LUFA/Drivers/USB/Core/AVR8/USBController_AVR8.o
 .bss           0x0000000000000000        0x0 ../../LUFA-111009/LUFA/Drivers/USB/Core/AVR8/USBController_AVR8.o
 .text.USB_Disable
                0x0000000000000000       0x34 ../../LUFA-111009/LUFA/Drivers/USB/Core/AVR8/USBController_AVR8.o
 .text          0x0000000000000000        0x0 ../../LUFA-111009/LUFA/Drivers/USB/Core/AVR8/USBInterrupt_AVR8.o
 .data          0x0000000000000000        0x0 ../../LUFA-111009/LUFA/Drivers/USB/Core/AVR8/USBInterrupt_AVR8.o
 .bss           0x0000000000000000        0x0 ../../LUFA-111009/LUFA/Drivers/USB/Core/AVR8/USBInterrupt_AVR8.o
 .text          0x0000000000000000        0x0 ../../LUFA-111009/LUFA/Drivers/USB/Core/AVR8/EndpointStream_AVR8.o
 .data          0x0000000000000000        0x0 ../../LUFA-111009/LUFA/Drivers/USB/Core/AVR8/EndpointStream_AVR8.o
 .bss           0x0000000000000000        0x0 ../../LUFA-111009/LUFA/Drivers/USB/Core/AVR8/EndpointStream_AVR8.o
 .text.Endpoint_Discard_Stream
                0x0000000000000000       0x8a ../../LUFA-111009/LUFA/Drivers/USB/Core/AVR8/EndpointStream_AVR8.o
 .text.Endpoint_Null_Stream
                0x0000000000000000       0x8a ../../LUFA-111009/LUFA/Drivers/USB/Core/AVR8/EndpointStream_AVR8.o
 .text.Endpoint_Write_Stream_LE
                0x0000000000000000       0xa2 ../../LUFA-111009/LUFA/Drivers/USB/Core/AVR8/EndpointStream_AVR8.o
 .text.Endpoint_Write_Stream_BE
                0x0000000000000000       0xac ../../LUFA-111009/LUFA/Drivers/USB/Core/AVR8/EndpointStream_AVR8.o
 .text.Endpoint_Read_Stream_LE
                0x0000000000000000       0xa2 ../../LUFA-111009/LUFA/Drivers/USB/Core/AVR8/EndpointStream_AVR8.o
 .text.Endpoint_Read_Stream_BE
                0x0000000000000000       0xac ../../LUFA-111009/LUFA/Drivers/USB/Core/AVR8/EndpointStream_AVR8.o
 .text.Endpoint_Write_PStream_LE
                0x0000000000000000       0xa4 ../../LUFA-111009/LUFA/Drivers/USB/Core/AVR8/EndpointStream_AVR8.o
 .text.Endpoint_Write_PStream_BE
                0x0000000000000000       0xae ../../LUFA-111009/LUFA/Drivers/USB/Core/AVR8/EndpointStream_AVR8.o
 .text.Endpoint_Write_EStream_LE
                0x0000000000000000       0xa6 ../../LUFA-111009/LUFA/Drivers/USB/Core/AVR8/EndpointStream_AVR8.o
 .text.Endpoint_Write_EStream_BE
                0x0000000000000000       0xb0 ../../LUFA-111009/LUFA/Drivers/USB/Core/AVR8/EndpointStream_AVR8.o
 .text.Endpoint_Read_EStream_LE
                0x0000000000000000       0xa6 ../../LUFA-111009/LUFA/Drivers/USB/Core/AVR8/EndpointStream_AVR8.o
 .text.Endpoint_Read_EStream_BE
                0x0000000000000000       0xb0 ../../LUFA-111009/LUFA/Drivers/USB/Core/AVR8/EndpointStream_AVR8.o
 .text.Endpoint_Write_Control_Stream_BE
                0x0000000000000000       0xb8 ../../LUFA-111009/LUFA/Drivers/USB/Core/AVR8/EndpointStream_AVR8.o
 .text.Endpoint_Read_Control_Stream_BE
                0x0000000000000000       0x76 ../../LUFA-111009/LUFA/Drivers/USB/Core/AVR8/EndpointStream_AVR8.o
 .text.Endpoint_Write_Control_PStream_LE
                0x0000000000000000       0xaa ../../LUFA-111009/LUFA/Drivers/USB/Core/AVR8/EndpointStream_AVR8.o
 .text.Endpoint_Write_Control_PStream_BE
                0x0000000000000000       0xba ../../LUFA-111009/LUFA/Drivers/USB/Core/AVR8/EndpointStream_AVR8.o
 .text.Endpoint_Write_Control_EStream_LE
                0x0000000000000000       0xce ../../LUFA-111009/LUFA/Drivers/USB/Core/AVR8/EndpointStream_AVR8.o
 .text.Endpoint_Write_Control_EStream_BE
                0x0000000000000000       0xd8 ../../LUFA-111009/LUFA/Drivers/USB/Core/AVR8/EndpointStream_AVR8.o
 .text.Endpoint_Read_Control_EStream_LE
                0x0000000000000000       0x82 ../../LUFA-111009/LUFA/Drivers/USB/Core/AVR8/EndpointStream_AVR8.o
 .text.Endpoint_Read_Control_EStream_BE
                0x0000000000000000       0x8a ../../LUFA-111009/LUFA/Drivers/USB/Core/AVR8/EndpointStream_AVR8.o
 .text          0x0000000000000000        0x0 ../../LUFA-111009/LUFA/Drivers/USB/Core/AVR8/PipeStream_AVR8.o
 .data          0x0000000000000000        0x0 ../../LUFA-111009/LUFA/Drivers/USB/Core/AVR8/PipeStream_AVR8.o
 .bss           0x0000000000000000        0x0 ../../LUFA-111009/LUFA/Drivers/USB/Core/AVR8/PipeStream_AVR8.o
 .debug_line    0x0000000000000000        0x0 ../../LUFA-111009/LUFA/Drivers/USB/Core/AVR8/PipeStream_AVR8.o
 .debug_str     0x0000000000000000      0x158 ../../LUFA-111009/LUFA/Drivers/USB/Core/AVR8/PipeStream_AVR8.o
 .comment       0x0000000000000000       0x12 ../../LUFA-111009/LUFA/Drivers/USB/Core/AVR8/PipeStream_AVR8.o
 .text          0x0000000000000000        0x0 ../../LUFA-111009/LUFA/Drivers/USB/Core/ConfigDescriptor.o
 .data          0x0000000000000000        0x0 ../../LUFA-111009/LUFA/Drivers/USB/Core/ConfigDescriptor.o
 .bss           0x0000000000000000        0x0 ../../LUFA-111009/LUFA/Drivers/USB/Core/ConfigDescriptor.o
 .text.USB_GetNextDescriptorOfType
                0x0000000000000000       0x4c ../../LUFA-111009/LUFA/Drivers/USB/Core/ConfigDescriptor.o
 .text.USB_GetNextDescriptorOfTypeBefore
                0x0000000000000000       0x54 ../../LUFA-111009/LUFA/Drivers/USB/Core/ConfigDescriptor.o
 .text.USB_GetNextDescriptorOfTypeAfter
                0x0000000000000000       0x3e ../../LUFA-111009/LUFA/Drivers/USB/Core/ConfigDescriptor.o
 .text.USB_GetNextDescriptorComp
                0x0000000000000000       0x88 ../../LUFA-111009/LUFA/Drivers/USB/Core/ConfigDescriptor.o
 .debug_info    0x0000000000000000      0x4fe ../../LUFA-111009/LUFA/Drivers/USB/Core/ConfigDescriptor.o
 .debug_abbrev  0x0000000000000000      0x1e0 ../../LUFA-111009/LUFA/Drivers/USB/Core/ConfigDescriptor.o
 .debug_loc     0x0000000000000000      0x58b ../../LUFA-111009/LUFA/Drivers/USB/Core/ConfigDescriptor.o
 .debug_aranges
                0x0000000000000000       0x38 ../../LUFA-111009/LUFA/Drivers/USB/Core/ConfigDescriptor.o
 .debug_ranges  0x0000000000000000       0x28 ../../LUFA-111009/LUFA/Drivers/USB/Core/ConfigDescriptor.o
 .debug_line    0x0000000000000000      0x4a8 ../../LUFA-111009/LUFA/Drivers/USB/Core/ConfigDescriptor.o
 .debug_str     0x0000000000000000      0x4a1 ../../LUFA-111009/LUFA/Drivers/USB/Core/ConfigDescriptor.o
 .comment       0x0000000000000000       0x12 ../../LUFA-111009/LUFA/Drivers/USB/Core/ConfigDescriptor.o
 .debug_frame   0x0000000000000000       0xc8 ../../LUFA-111009/LUFA/Drivers/USB/Core/ConfigDescriptor.o
 .text          0x0000000000000000        0x0 ../../LUFA-111009/LUFA/Drivers/USB/Core/DeviceStandardReq.o
 .data          0x0000000000000000        0x0 ../../LUFA-111009/LUFA/Drivers/USB/Core/DeviceStandardReq.o
 .bss           0x0000000000000000        0x0 ../../LUFA-111009/LUFA/Drivers/USB/Core/DeviceStandardReq.o
 .text          0x0000000000000000        0x0 ../../LUFA-111009/LUFA/Drivers/USB/Core/Events.o
 .data          0x0000000000000000        0x0 ../../LUFA-111009/LUFA/Drivers/USB/Core/Events.o
 .bss           0x0000000000000000        0x0 ../../LUFA-111009/LUFA/Drivers/USB/Core/Events.o
 .text          0x0000000000000000        0x0 ../../LUFA-111009/LUFA/Drivers/USB/Core/HostStandardReq.o
 .data          0x0000000000000000        0x0 ../../LUFA-111009/LUFA/Drivers/USB/Core/HostStandardReq.o
 .bss           0x0000000000000000        0x0 ../../LUFA-111009/LUFA/Drivers/USB/Core/HostStandardReq.o
 .debug_line    0x0000000000000000        0x0 ../../LUFA-111009/LUFA/Drivers/USB/Core/HostStandardReq.o
 .debug_str     0x0000000000000000      0x153 ../../LUFA-111009/LUFA/Drivers/USB/Core/HostStandardReq.o
 .comment       0x0000000000000000       0x12 ../../LUFA-111009/LUFA/Drivers/USB/Core/HostStandardReq.o
 .text          0x0000000000000000        0x0 ../../LUFA-111009/LUFA/Drivers/USB/Core/USBTask.o
 .data          0x0000000000000000        0x0 ../../LUFA-111009/LUFA/Drivers/USB/Core/USBTask.o
 .bss           0x0000000000000000        0x0 ../../LUFA-111009/LUFA/Drivers/USB/Core/USBTask.o
 .text          0x0000000000000000        0x0 ../../LUFA-111009/LUFA/Drivers/USB/Class/Common/HIDParser.o
 .data          0x0000000000000000        0x0 ../../LUFA-111009/LUFA/Drivers/USB/Class/Common/HIDParser.o
 .bss           0x0000000000000000        0x0 ../../LUFA-111009/LUFA/Drivers/USB/Class/Common/HIDParser.o
 .text.USB_ProcessHIDReport
                0x0000000000000000      0x6be ../../LUFA-111009/LUFA/Drivers/USB/Class/Common/HIDParser.o
 .text.USB_GetHIDReportItemInfo
                0x0000000000000000       0xb6 ../../LUFA-111009/LUFA/Drivers/USB/Class/Common/HIDParser.o
 .text.USB_SetHIDReportItemInfo
                0x0000000000000000       0xc6 ../../LUFA-111009/LUFA/Drivers/USB/Class/Common/HIDParser.o
 .text.USB_GetHIDReportSize
                0x0000000000000000       0x56 ../../LUFA-111009/LUFA/Drivers/USB/Class/Common/HIDParser.o
 .debug_info    0x0000000000000000      0x80a ../../LUFA-111009/LUFA/Drivers/USB/Class/Common/HIDParser.o
 .debug_abbrev  0x0000000000000000      0x25e ../../LUFA-111009/LUFA/Drivers/USB/Class/Common/HIDParser.o
 .debug_loc     0x0000000000000000      0xc9d ../../LUFA-111009/LUFA/Drivers/USB/Class/Common/HIDParser.o
 .debug_aranges
                0x0000000000000000       0x38 ../../LUFA-111009/LUFA/Drivers/USB/Class/Common/HIDParser.o
 .debug_ranges  0x0000000000000000       0xd0 ../../LUFA-111009/LUFA/Drivers/USB/Class/Common/HIDParser.o
 .debug_line    0x0000000000000000      0xe1f ../../LUFA-111009/LUFA/Drivers/USB/Class/Common/HIDParser.o
 .debug_str     0x0000000000000000      0x6d5 ../../LUFA-111009/LUFA/Drivers/USB/Class/Common/HIDParser.o
 .comment       0x0000000000000000       0x12 ../../LUFA-111009/LUFA/Drivers/USB/Class/Common/HIDParser.o
 .debug_frame   0x0000000000000000      0x134 ../../LUFA-111009/LUFA/Drivers/USB/Class/Common/HIDParser.o
 .text          0x0000000000000000        0x0 /usr/local/Cellar/avr-gcc/9.2.0_1/lib/avr-gcc/9/gcc/avr/9.2.0/avr5/libgcc.a(_exit.o)
 .data          0x0000000000000000        0x0 /usr/local/Cellar/avr-gcc/9.2.0_1/lib/avr-gcc/9/gcc/avr/9.2.0/avr5/libgcc.a(_exit.o)
 .bss           0x0000000000000000        0x0 /usr/local/Cellar/avr-gcc/9.2.0_1/lib/avr-gcc/9/gcc/avr/9.2.0/avr5/libgcc.a(_exit.o)
 .text.libgcc.mul
                0x0000000000000000        0x0 /usr/local/Cellar/avr-gcc/9.2.0_1/lib/avr-gcc/9/gcc/avr/9.2.0/avr5/libgcc.a(_exit.o)
 .text.libgcc.div
                0x0000000000000000        0x0 /usr/local/Cellar/avr-gcc/9.2.0_1/lib/avr-gcc/9/gcc/avr/9.2.0/avr5/libgcc.a(_exit.o)
 .text.libgcc   0x0000000000000000        0x0 /usr/local/Cellar/avr-gcc/9.2.0_1/lib/avr-gcc/9/gcc/avr/9.2.0/avr5/libgcc.a(_exit.o)
 .text.libgcc.prologue
                0x0000000000000000        0x0 /usr/local/Cellar/avr-gcc/9.2.0_1/lib/avr-gcc/9/gcc/avr/9.2.0/avr5/libgcc.a(_exit.o)
 .text.libgcc.builtins
                0x0000000000000000        0x0 /usr/local/Cellar/avr-gcc/9.2.0_1/lib/avr-gcc/9/gcc/avr/9.2.0/avr5/libgcc.a(_exit.o)
 .text.libgcc.fmul
                0x0000000000000000        0x0 /usr/local/Cellar/avr-gcc/9.2.0_1/lib/avr-gcc/9/gcc/avr/9.2.0/avr5/libgcc.a(_exit.o)
 .text.libgcc.fixed
                0x0000000000000000        0x0 /usr/local/Cellar/avr-gcc/9.2.0_1/lib/avr-gcc/9/gcc/avr/9.2.0/avr5/libgcc.a(_exit.o)
 .text          0x0000000000000000        0x0 /usr/local/Cellar/avr-gcc/9.2.0_1/lib/avr-gcc/9/gcc/avr/9.2.0/avr5/libgcc.a(_tablejump2.o)
 .data          0x0000000000000000        0x0 /usr/local/Cellar/avr-gcc/9.2.0_1/lib/avr-gcc/9/gcc/avr/9.2.0/avr5/libgcc.a(_tablejump2.o)
 .bss           0x0000000000000000        0x0 /usr/local/Cellar/avr-gcc/9.2.0_1/lib/avr-gcc/9/gcc/avr/9.2.0/avr5/libgcc.a(_tablejump2.o)
 .text.libgcc.mul
                0x0000000000000000        0x0 /usr/local/Cellar/avr-gcc/9.2.0_1/lib/avr-gcc/9/gcc/avr/9.2.0/avr5/libgcc.a(_tablejump2.o)
 .text.libgcc.div
                0x0000000000000000        0x0 /usr/local/Cellar/avr-gcc/9.2.0_1/lib/avr-gcc/9/gcc/avr/9.2.0/avr5/libgcc.a(_tablejump2.o)
 .text.libgcc.prologue
                0x0000000000000000        0x0 /usr/local/Cellar/avr-gcc/9.2.0_1/lib/avr-gcc/9/gcc/avr/9.2.0/avr5/libgcc.a(_tablejump2.o)
 .text.libgcc.builtins
                0x0000000000000000        0x0 /usr/local/Cellar/avr-gcc/9.2.0_1/lib/avr-gcc/9/gcc/avr/9.2.0/avr5/libgcc.a(_tablejump2.o)
 .text.libgcc.fmul
                0x0000000000000000        0x0 /usr/local/Cellar/avr-gcc/9.2.0_1/lib/avr-gcc/9/gcc/avr/9.2.0/avr5/libgcc.a(_tablejump2.o)
 .text.libgcc.fixed
                0x0000000000000000        0x0 /usr/local/Cellar/avr-gcc/9.2.0_1/lib/avr-gcc/9/gcc/avr/9.2.0/avr5/libgcc.a(_tablejump2.o)
 .text          0x0000000000000000        0x0 /usr/local/Cellar/avr-gcc/9.2.0_1/lib/avr-gcc/9/gcc/avr/9.2.0/avr5/libgcc.a(_copy_data.o)
 .data          0x0000000000000000        0x0 /usr/local/Cellar/avr-gcc/9.2.0_1/lib/avr-gcc/9/gcc/avr/9.2.0/avr5/libgcc.a(_copy_data.o)
 .bss           0x0000000000000000        0x0 /usr/local/Cellar/avr-gcc/9.2.0_1/lib/avr-gcc/9/gcc/avr/9.2.0/avr5/libgcc.a(_copy_data.o)
 .text.libgcc.mul
                0x0000000000000000        0x0 /usr/local/Cellar/avr-gcc/9.2.0_1/lib/avr-gcc/9/gcc/avr/9.2.0/avr5/libgcc.a(_copy_data.o)
 .text.libgcc.div
                0x0000000000000000        0x0 /usr/local/Cellar/avr-gcc/9.2.0_1/lib/avr-gcc/9/gcc/avr/9.2.0/avr5/libgcc.a(_copy_data.o)
 .text.libgcc   0x0000000000000000        0x0 /usr/local/Cellar/avr-gcc/9.2.0_1/lib/avr-gcc/9/gcc/avr/9.2.0/avr5/libgcc.a(_copy_data.o)
 .text.libgcc.prologue
                0x0000000000000000        0x0 /usr/local/Cellar/avr-gcc/9.2.0_1/lib/avr-gcc/9/gcc/avr/9.2.0/avr5/libgcc.a(_copy_data.o)
 .text.libgcc.builtins
                0x0000000000000000        0x0 /usr/local/Cellar/avr-gcc/9.2.0_1/lib/avr-gcc/9/gcc/avr/9.2.0/avr5/libgcc.a(_copy_data.o)
 .text.libgcc.fmul
                0x0000000000000000        0x0 /usr/local/Cellar/avr-gcc/9.2.0_1/lib/avr-gcc/9/gcc/avr/9.2.0/avr5/libgcc.a(_copy_data.o)
 .text.libgcc.fixed
                0x0000000000000000        0x0 /usr/local/Cellar/avr-gcc/9.2.0_1/lib/avr-gcc/9/gcc/avr/9.2.0/avr5/libgcc.a(_copy_data.o)
 .text          0x0000000000000000        0x0 /usr/local/Cellar/avr-gcc/9.2.0_1/lib/avr-gcc/9/gcc/avr/9.2.0/avr5/libgcc.a(_clear_bss.o)
 .data          0x0000000000000000        0x0 /usr/local/Cellar/avr-gcc/9.2.0_1/lib/avr-gcc/9/gcc/avr/9.2.0/avr5/libgcc.a(_clear_bss.o)
 .bss           0x0000000000000000        0x0 /usr/local/Cellar/avr-gcc/9.2.0_1/lib/avr-gcc/9/gcc/avr/9.2.0/avr5/libgcc.a(_clear_bss.o)
 .text.libgcc.mul
                0x0000000000000000        0x0 /usr/local/Cellar/avr-gcc/9.2.0_1/lib/avr-gcc/9/gcc/avr/9.2.0/avr5/libgcc.a(_clear_bss.o)
 .text.libgcc.div
                0x0000000000000000        0x0 /usr/local/Cellar/avr-gcc/9.2.0_1/lib/avr-gcc/9/gcc/avr/9.2.0/avr5/libgcc.a(_clear_bss.o)
 .text.libgcc   0x0000000000000000        0x0 /usr/local/Cellar/avr-gcc/9.2.0_1/lib/avr-gcc/9/gcc/avr/9.2.0/avr5/libgcc.a(_clear_bss.o)
 .text.libgcc.prologue
                0x0000000000000000        0x0 /usr/local/Cellar/avr-gcc/9.2.0_1/lib/avr-gcc/9/gcc/avr/9.2.0/avr5/libgcc.a(_clear_bss.o)
 .text.libgcc.builtins
                0x0000000000000000        0x0 /usr/local/Cellar/avr-gcc/9.2.0_1/lib/avr-gcc/9/gcc/avr/9.2.0/avr5/libgcc.a(_clear_bss.o)
 .text.libgcc.fmul
                0x0000000000000000        0x0 /usr/local/Cellar/avr-gcc/9.2.0_1/lib/avr-gcc/9/gcc/avr/9.2.0/avr5/libgcc.a(_clear_bss.o)
 .text.libgcc.fixed
                0x0000000000000000        0x0 /usr/local/Cellar/avr-gcc/9.2.0_1/lib/avr-gcc/9/gcc/avr/9.2.0/avr5/libgcc.a(_clear_bss.o)
 .text          0x0000000000000000        0x0 /usr/local/Cellar/avr-gcc/9.2.0_1/lib/avr-gcc/9/gcc/avr/9.2.0/../../../../../../avr/lib/avr5/libatmega32u4.a(eerd_byte.o)
 .data          0x0000000000000000        0x0 /usr/local/Cellar/avr-gcc/9.2.0_1/lib/avr-gcc/9/gcc/avr/9.2.0/../../../../../../avr/lib/avr5/libatmega32u4.a(eerd_byte.o)
 .bss           0x0000000000000000        0x0 /usr/local/Cellar/avr-gcc/9.2.0_1/lib/avr-gcc/9/gcc/avr/9.2.0/../../../../../../avr/lib/avr5/libatmega32u4.a(eerd_byte.o)
 .text          0x0000000000000000        0x0 /usr/local/Cellar/avr-gcc/9.2.0_1/lib/avr-gcc/9/gcc/avr/9.2.0/../../../../../../avr/lib/avr5/libatmega32u4.a(eeupd_byte.o)
 .data          0x0000000000000000        0x0 /usr/local/Cellar/avr-gcc/9.2.0_1/lib/avr-gcc/9/gcc/avr/9.2.0/../../../../../../avr/lib/avr5/libatmega32u4.a(eeupd_byte.o)
 .bss           0x0000000000000000        0x0 /usr/local/Cellar/avr-gcc/9.2.0_1/lib/avr-gcc/9/gcc/avr/9.2.0/../../../../../../avr/lib/avr5/libatmega32u4.a(eeupd_byte.o)
 .text.avr-libc
                0x0000000000000000       0x24 /usr/local/Cellar/avr-gcc/9.2.0_1/lib/avr-gcc/9/gcc/avr/9.2.0/../../../../../../avr/lib/avr5/libatmega32u4.a(eeupd_byte.o)
 .text          0x0000000000000000        0x0 /usr/local/Cellar/avr-gcc/9.2.0_1/lib/avr-gcc/9/gcc/avr/9.2.0/../../../../../../avr/lib/avr5/libatmega32u4.a(eewr_byte.o)
 .data          0x0000000000000000        0x0 /usr/local/Cellar/avr-gcc/9.2.0_1/lib/avr-gcc/9/gcc/avr/9.2.0/../../../../../../avr/lib/avr5/libatmega32u4.a(eewr_byte.o)
 .bss           0x0000000000000000        0x0 /usr/local/Cellar/avr-gcc/9.2.0_1/lib/avr-gcc/9/gcc/avr/9.2.0/../../../../../../avr/lib/avr5/libatmega32u4.a(eewr_byte.o)

Memory Configuration

Name             Origin             Length             Attributes
text             0x0000000000000000 0x0000000000020000 xr
data             0x0000000000800060 0x000000000000ffa0 rw !x
eeprom           0x0000000000810000 0x0000000000010000 rw !x
fuse             0x0000000000820000 0x0000000000000400 rw !x
lock             0x0000000000830000 0x0000000000000400 rw !x
signature        0x0000000000840000 0x0000000000000400 rw !x
user_signatures  0x0000000000850000 0x0000000000000400 rw !x
*default*        0x0000000000000000 0xffffffffffffffff

Linker script and memory map

Address of section .data set to 0x800100
LOAD /usr/local/Cellar/avr-gcc/9.2.0_1/lib/avr-gcc/9/gcc/avr/9.2.0/../../../../../../avr/lib/avr5/crtatmega32u4.o
LOAD Caterina.o
LOAD Descriptors.o
LOAD ../../LUFA-111009/LUFA/Drivers/USB/Core/AVR8/Device_AVR8.o
LOAD ../../LUFA-111009/LUFA/Drivers/USB/Core/AVR8/Endpoint_AVR8.o
LOAD ../../LUFA-111009/LUFA/Drivers/USB/Core/AVR8/Host_AVR8.o
LOAD ../../LUFA-111009/LUFA/Drivers/USB/Core/AVR8/Pipe_AVR8.o
LOAD ../../LUFA-111009/LUFA/Drivers/USB/Core/AVR8/USBController_AVR8.o
LOAD ../../LUFA-111009/LUFA/Drivers/USB/Core/AVR8/USBInterrupt_AVR8.o
LOAD ../../LUFA-111009/LUFA/Drivers/USB/Core/AVR8/EndpointStream_AVR8.o
LOAD ../../LUFA-111009/LUFA/Drivers/USB/Core/AVR8/PipeStream_AVR8.o
LOAD ../../LUFA-111009/LUFA/Drivers/USB/Core/ConfigDescriptor.o
LOAD ../../LUFA-111009/LUFA/Drivers/USB/Core/DeviceStandardReq.o
LOAD ../../LUFA-111009/LUFA/Drivers/USB/Core/Events.o
LOAD ../../LUFA-111009/LUFA/Drivers/USB/Core/HostStandardReq.o
LOAD ../../LUFA-111009/LUFA/Drivers/USB/Core/USBTask.o
LOAD ../../LUFA-111009/LUFA/Drivers/USB/Class/Common/HIDParser.o
Address of section .text set to 0x7000
LOAD /usr/local/Cellar/avr-gcc/9.2.0_1/lib/avr-gcc/9/gcc/avr/9.2.0/../../../../../../avr/lib/avr5/libm.a
START GROUP
LOAD /usr/local/Cellar/avr-gcc/9.2.0_1/lib/avr-gcc/9/gcc/avr/9.2.0/avr5/libgcc.a
LOAD /usr/local/Cellar/avr-gcc/9.2.0_1/lib/avr-gcc/9/gcc/avr/9.2.0/../../../../../../avr/lib/avr5/libm.a
LOAD /usr/local/Cellar/avr-gcc/9.2.0_1/lib/avr-gcc/9/gcc/avr/9.2.0/../../../../../../avr/lib/avr5/libc.a
LOAD /usr/local/Cellar/avr-gcc/9.2.0_1/lib/avr-gcc/9/gcc/avr/9.2.0/../../../../../../avr/lib/avr5/libatmega32u4.a
END GROUP
                0x0000000000020000                __TEXT_REGION_LENGTH__ = DEFINED (__TEXT_REGION_LENGTH__)?__TEXT_REGION_LENGTH__:0x20000
                0x000000000000ffa0                __DATA_REGION_LENGTH__ = DEFINED (__DATA_REGION_LENGTH__)?__DATA_REGION_LENGTH__:0xffa0
                0x0000000000010000                __EEPROM_REGION_LENGTH__ = DEFINED (__EEPROM_REGION_LENGTH__)?__EEPROM_REGION_LENGTH__:0x10000
                0x0000000000000400                __FUSE_REGION_LENGTH__ = DEFINED (__FUSE_REGION_LENGTH__)?__FUSE_REGION_LENGTH__:0x400
                0x0000000000000400                __LOCK_REGION_LENGTH__ = DEFINED (__LOCK_REGION_LENGTH__)?__LOCK_REGION_LENGTH__:0x400
                0x0000000000000400                __SIGNATURE_REGION_LENGTH__ = DEFINED (__SIGNATURE_REGION_LENGTH__)?__SIGNATURE_REGION_LENGTH__:0x400
                0x0000000000000400                __USER_SIGNATURE_REGION_LENGTH__ = DEFINED (__USER_SIGNATURE_REGION_LENGTH__)?__USER_SIGNATURE_REGION_LENGTH__:0x400

.hash
 *(.hash)

.dynsym
 *(.dynsym)

.dynstr
 *(.dynstr)

.gnu.version
 *(.gnu.version)

.gnu.version_d
 *(.gnu.version_d)

.gnu.version_r
 *(.gnu.version_r)

.rel.init
 *(.rel.init)

.rela.init
 *(.rela.init)

.rel.text
 *(.rel.text)
 *(.rel.text.*)
 *(.rel.gnu.linkonce.t*)

.rela.text
 *(.rela.text)
 *(.rela.text.*)
 *(.rela.gnu.linkonce.t*)

.rel.fini
 *(.rel.fini)

.rela.fini
 *(.rela.fini)

.rel.rodata
 *(.rel.rodata)
 *(.rel.rodata.*)
 *(.rel.gnu.linkonce.r*)

.rela.rodata
 *(.rela.rodata)
 *(.rela.rodata.*)
 *(.rela.gnu.linkonce.r*)

.rel.data
 *(.rel.data)
 *(.rel.data.*)
 *(.rel.gnu.linkonce.d*)

.rela.data
 *(.rela.data)
 *(.rela.data.*)
 *(.rela.gnu.linkonce.d*)

.rel.ctors
 *(.rel.ctors)

.rela.ctors
 *(.rela.ctors)

.rel.dtors
 *(.rel.dtors)

.rela.dtors
 *(.rela.dtors)

.rel.got
 *(.rel.got)

.rela.got
 *(.rela.got)

.rel.bss
 *(.rel.bss)

.rela.bss
 *(.rela.bss)

.rel.plt
 *(.rel.plt)

.rela.plt
 *(.rela.plt)

.text           0x0000000000007000      0xe24
 *(.vectors)
 .vectors       0x0000000000007000       0xac /usr/local/Cellar/avr-gcc/9.2.0_1/lib/avr-gcc/9/gcc/avr/9.2.0/../../../../../../avr/lib/avr5/crtatmega32u4.o
                0x0000000000007000                __vectors
                0x0000000000007000                __vector_default
 *(.vectors)
 *(.progmem.gcc*)
                0x00000000000070ac                . = ALIGN (0x2)
                0x00000000000070ac                __trampolines_start = .
 *(.trampolines)
 .trampolines   0x00000000000070ac        0x0 linker stubs
 *(.trampolines*)
                0x00000000000070ac                __trampolines_end = .
 *libprintf_flt.a:*(.progmem.data)
 *libc.a:*(.progmem.data)
 *(.progmem.*)
                0x00000000000070ac                . = ALIGN (0x2)
 *(.lowtext)
 *(.lowtext*)
                0x00000000000070ac                __ctors_start = .
 *(.ctors)
                0x00000000000070ac                __ctors_end = .
                0x00000000000070ac                __dtors_start = .
 *(.dtors)
                0x00000000000070ac                __dtors_end = .
 SORT_BY_NAME(*)(.ctors)
 SORT_BY_NAME(*)(.dtors)
 *(.init0)
 .init0         0x00000000000070ac        0x0 /usr/local/Cellar/avr-gcc/9.2.0_1/lib/avr-gcc/9/gcc/avr/9.2.0/../../../../../../avr/lib/avr5/crtatmega32u4.o
                0x00000000000070ac                __init
 *(.init0)
 *(.init1)
 *(.init1)
 *(.init2)
 .init2         0x00000000000070ac        0xc /usr/local/Cellar/avr-gcc/9.2.0_1/lib/avr-gcc/9/gcc/avr/9.2.0/../../../../../../avr/lib/avr5/crtatmega32u4.o
 *(.init2)
 *(.init3)
 *(.init3)
 *(.init4)
 .init4         0x00000000000070b8       0x16 /usr/local/Cellar/avr-gcc/9.2.0_1/lib/avr-gcc/9/gcc/avr/9.2.0/avr5/libgcc.a(_copy_data.o)
                0x00000000000070b8                __do_copy_data
 .init4         0x00000000000070ce       0x10 /usr/local/Cellar/avr-gcc/9.2.0_1/lib/avr-gcc/9/gcc/avr/9.2.0/avr5/libgcc.a(_clear_bss.o)
                0x00000000000070ce                __do_clear_bss
 *(.init4)
 *(.init5)
 *(.init5)
 *(.init6)
 *(.init6)
 *(.init7)
 *(.init7)
 *(.init8)
 *(.init8)
 *(.init9)
 .init9         0x00000000000070de        0x4 /usr/local/Cellar/avr-gcc/9.2.0_1/lib/avr-gcc/9/gcc/avr/9.2.0/../../../../../../avr/lib/avr5/crtatmega32u4.o
 *(.init9)
 *(.text)
 .text          0x00000000000070e2        0x2 /usr/local/Cellar/avr-gcc/9.2.0_1/lib/avr-gcc/9/gcc/avr/9.2.0/../../../../../../avr/lib/avr5/crtatmega32u4.o
                0x00000000000070e2                __vector_42
                0x00000000000070e2                __vector_22
                0x00000000000070e2                __vector_28
                0x00000000000070e2                __vector_1
                0x00000000000070e2                __vector_32
                0x00000000000070e2                __vector_34
                0x00000000000070e2                __vector_24
                0x00000000000070e2                __vector_12
                0x00000000000070e2                __bad_interrupt
                0x00000000000070e2                __vector_6
                0x00000000000070e2                __vector_31
                0x00000000000070e2                __vector_35
                0x00000000000070e2                __vector_39
                0x00000000000070e2                __vector_3
                0x00000000000070e2                __vector_23
                0x00000000000070e2                __vector_30
                0x00000000000070e2                __vector_25
                0x00000000000070e2                __vector_11
                0x00000000000070e2                __vector_13
                0x00000000000070e2                __vector_19
                0x00000000000070e2                __vector_7
                0x00000000000070e2                __vector_41
                0x00000000000070e2                __vector_27
                0x00000000000070e2                __vector_5
                0x00000000000070e2                __vector_33
                0x00000000000070e2                __vector_37
                0x00000000000070e2                __vector_4
                0x00000000000070e2                __vector_9
                0x00000000000070e2                __vector_2
                0x00000000000070e2                __vector_21
                0x00000000000070e2                __vector_15
                0x00000000000070e2                __vector_36
                0x00000000000070e2                __vector_29
                0x00000000000070e2                __vector_40
                0x00000000000070e2                __vector_8
                0x00000000000070e2                __vector_26
                0x00000000000070e2                __vector_14
                0x00000000000070e2                __vector_16
                0x00000000000070e2                __vector_18
                0x00000000000070e2                __vector_20
                0x00000000000070e2                __vector_38
                0x00000000000070e4                . = ALIGN (0x2)
 *(.text.*)
 .text.FetchNextCommandByte
                0x00000000000070e4       0x2e Caterina.o
 .text.WriteNextResponseByte
                0x0000000000007112       0x3c Caterina.o
 .text.StartSketch
                0x000000000000714e       0x24 Caterina.o
                0x000000000000714e                StartSketch
 .text.TWIStart
                0x0000000000007172       0x10 Caterina.o
                0x0000000000007172                TWIStart
 .text.TWIWrite
                0x0000000000007182       0x14 Caterina.o
                0x0000000000007182                TWIWrite
 .text.SetupCurrentLimit
                0x0000000000007196       0x12 Caterina.o
                0x0000000000007196                SetupCurrentLimit
 .text.LEDPulse
                0x00000000000071a8       0x2c Caterina.o
                0x00000000000071a8                LEDPulse
 .text.SetupHardware
                0x00000000000071d4       0x34 Caterina.o
                0x00000000000071d4                SetupHardware
 .text.__vector_17
                0x0000000000007208       0x82 Caterina.o
                0x0000000000007208                __vector_17
 .text.EVENT_USB_Device_ConfigurationChanged
                0x000000000000728a       0x18 Caterina.o
                0x000000000000728a                EVENT_USB_Device_ConfigurationChanged
 .text.EVENT_USB_Device_ControlRequest
                0x00000000000072a2       0x5c Caterina.o
                0x00000000000072a2                EVENT_USB_Device_ControlRequest
 .text.CDC_Task
                0x00000000000072fe      0x49a Caterina.o
                0x00000000000072fe                CDC_Task
 .text.startup.main
                0x0000000000007798       0x5c Caterina.o
                0x0000000000007798                main
 .text.CALLBACK_USB_GetDescriptor
                0x00000000000077f4       0x64 Descriptors.o
                0x00000000000077f4                CALLBACK_USB_GetDescriptor
 .text.Endpoint_ConfigureEndpoint_Prv
                0x0000000000007858       0x26 ../../LUFA-111009/LUFA/Drivers/USB/Core/AVR8/Endpoint_AVR8.o
                0x0000000000007858                Endpoint_ConfigureEndpoint_Prv
 .text.Endpoint_ClearStatusStage
                0x000000000000787e       0x3a ../../LUFA-111009/LUFA/Drivers/USB/Core/AVR8/Endpoint_AVR8.o
                0x000000000000787e                Endpoint_ClearStatusStage
 .text.USB_ResetInterface
                0x00000000000078b8       0x76 ../../LUFA-111009/LUFA/Drivers/USB/Core/AVR8/USBController_AVR8.o
                0x00000000000078b8                USB_ResetInterface
 .text.USB_Init
                0x000000000000792e       0x16 ../../LUFA-111009/LUFA/Drivers/USB/Core/AVR8/USBController_AVR8.o
                0x000000000000792e                USB_Init
 .text.USB_INT_DisableAllInterrupts
                0x0000000000007944       0x10 ../../LUFA-111009/LUFA/Drivers/USB/Core/AVR8/USBInterrupt_AVR8.o
                0x0000000000007944                USB_INT_DisableAllInterrupts
 .text.USB_INT_ClearAllInterrupts
                0x0000000000007954        0xa ../../LUFA-111009/LUFA/Drivers/USB/Core/AVR8/USBInterrupt_AVR8.o
                0x0000000000007954                USB_INT_ClearAllInterrupts
 .text.__vector_10
                0x000000000000795e      0x15c ../../LUFA-111009/LUFA/Drivers/USB/Core/AVR8/USBInterrupt_AVR8.o
                0x000000000000795e                __vector_10
 .text.Endpoint_Write_Control_Stream_LE
                0x0000000000007aba       0xa8 ../../LUFA-111009/LUFA/Drivers/USB/Core/AVR8/EndpointStream_AVR8.o
                0x0000000000007aba                Endpoint_Write_Control_Stream_LE
 .text.Endpoint_Read_Control_Stream_LE
                0x0000000000007b62       0x6a ../../LUFA-111009/LUFA/Drivers/USB/Core/AVR8/EndpointStream_AVR8.o
                0x0000000000007b62                Endpoint_Read_Control_Stream_LE
 .text.USB_Device_ProcessControlRequest
                0x0000000000007bcc      0x1e4 ../../LUFA-111009/LUFA/Drivers/USB/Core/DeviceStandardReq.o
                0x0000000000007bcc                USB_Device_ProcessControlRequest
 .text.USB_Event_Stub
                0x0000000000007db0        0x2 ../../LUFA-111009/LUFA/Drivers/USB/Core/Events.o
                0x0000000000007db0                EVENT_USB_Device_Connect
                0x0000000000007db0                EVENT_USB_Device_WakeUp
                0x0000000000007db0                USB_Event_Stub
                0x0000000000007db0                EVENT_USB_Device_Suspend
                0x0000000000007db0                EVENT_USB_Device_StartOfFrame
                0x0000000000007db0                EVENT_USB_Device_Disconnect
                0x0000000000007db0                EVENT_USB_Device_Reset
 .text.USB_USBTask
                0x0000000000007db2       0x22 ../../LUFA-111009/LUFA/Drivers/USB/Core/USBTask.o
                0x0000000000007db2                USB_USBTask
 .text.libgcc   0x0000000000007dd4        0xc /usr/local/Cellar/avr-gcc/9.2.0_1/lib/avr-gcc/9/gcc/avr/9.2.0/avr5/libgcc.a(_tablejump2.o)
                0x0000000000007dd4                __tablejump2__
 .text.avr-libc
                0x0000000000007de0       0x10 /usr/local/Cellar/avr-gcc/9.2.0_1/lib/avr-gcc/9/gcc/avr/9.2.0/../../../../../../avr/lib/avr5/libatmega32u4.a(eerd_byte.o)
                0x0000000000007de0                eeprom_read_byte
 .text.avr-libc
                0x0000000000007df0       0x1c /usr/local/Cellar/avr-gcc/9.2.0_1/lib/avr-gcc/9/gcc/avr/9.2.0/../../../../../../avr/lib/avr5/libatmega32u4.a(eewr_byte.o)
                0x0000000000007df0                eeprom_write_byte
                0x0000000000007df2                eeprom_write_r18
                0x0000000000007e0c                . = ALIGN (0x2)
 *(.fini9)
 .fini9         0x0000000000007e0c        0x0 /usr/local/Cellar/avr-gcc/9.2.0_1/lib/avr-gcc/9/gcc/avr/9.2.0/avr5/libgcc.a(_exit.o)
                0x0000000000007e0c                exit
                0x0000000000007e0c                _exit
 *(.fini9)
 *(.fini8)
 *(.fini8)
 *(.fini7)
 *(.fini7)
 *(.fini6)
 *(.fini6)
 *(.fini5)
 *(.fini5)
 *(.fini4)
 *(.fini4)
 *(.fini3)
 *(.fini3)
 *(.fini2)
 *(.fini2)
 *(.fini1)
 *(.fini1)
 *(.fini0)
 .fini0         0x0000000000007e0c        0x4 /usr/local/Cellar/avr-gcc/9.2.0_1/lib/avr-gcc/9/gcc/avr/9.2.0/avr5/libgcc.a(_exit.o)
 *(.fini0)
 *(.hightext)
 *(.hightext*)
 *(.progmemx.*)
                0x0000000000007e10                . = ALIGN (0x2)
 *(.jumptables)
 *(.jumptables*)
 .jumptables.gcc.USB_Device_ProcessControlRequest
                0x0000000000007e10       0x14 ../../LUFA-111009/LUFA/Drivers/USB/Core/DeviceStandardReq.o
                0x0000000000007e24                _etext = .

.data           0x0000000000800100       0x96 load address 0x0000000000007e24
                0x0000000000800100                PROVIDE (__data_start = .)
 *(.data)
 .data          0x0000000000800100        0x7 Caterina.o
 *(.data*)
 *(.gnu.linkonce.d*)
 *(.rodata)
 .rodata        0x0000000000800107       0x86 Descriptors.o
                0x0000000000800107                ManufNameString
                0x000000000080011b                ProductString
                0x0000000000800139                LanguageString
                0x000000000080013d                ConfigurationDescriptor
                0x000000000080017b                DeviceDescriptor
 *(.rodata*)
 .rodata.str1.1
                0x000000000080018d        0x9 Caterina.o
 *(.gnu.linkonce.r*)
                0x0000000000800196                . = ALIGN (0x2)
                0x0000000000800196                _edata = .
                0x0000000000800196                PROVIDE (__data_end = .)

.bss            0x0000000000800196       0x16
                0x0000000000800196                PROVIDE (__bss_start = .)
 *(.bss)
 .bss           0x0000000000800196        0xa Caterina.o
                0x0000000000800196                Timeout
                0x0000000000800198                RxLEDPulse
                0x000000000080019a                TxLEDPulse
 *(.bss*)
 *(COMMON)
 COMMON         0x00000000008001a0        0x2 Caterina.o
                0x00000000008001a0                LLEDPulse
 COMMON         0x00000000008001a2        0x1 ../../LUFA-111009/LUFA/Drivers/USB/Core/DeviceStandardReq.o
                0x00000000008001a2                USB_Device_ConfigurationNumber
 COMMON         0x00000000008001a3        0x9 ../../LUFA-111009/LUFA/Drivers/USB/Core/USBTask.o
                0x00000000008001a3                USB_IsInitialized
                0x00000000008001a4                USB_ControlRequest
                0x00000000008001ac                PROVIDE (__bss_end = .)
                0x0000000000007e24                __data_load_start = LOADADDR (.data)
                0x0000000000007eba                __data_load_end = (__data_load_start + SIZEOF (.data))

.noinit         0x00000000008001ac        0x0
                [!provide]                        PROVIDE (__noinit_start = .)
 *(.noinit*)
                [!provide]                        PROVIDE (__noinit_end = .)
                0x00000000008001ac                _end = .
                [!provide]                        PROVIDE (__heap_start = .)

.eeprom         0x0000000000810000        0x0
 *(.eeprom*)
                0x0000000000810000                __eeprom_end = .

.fuse
 *(.fuse)
 *(.lfuse)
 *(.hfuse)
 *(.efuse)

.lock
 *(.lock*)

.signature
 *(.signature*)

.stab
 *(.stab)

.stabstr
 *(.stabstr)

.stab.excl
 *(.stab.excl)

.stab.exclstr
 *(.stab.exclstr)

.stab.index
 *(.stab.index)

.stab.indexstr
 *(.stab.indexstr)

.comment        0x0000000000000000       0x11
 *(.comment)
 .comment       0x0000000000000000       0x11 Caterina.o
                                         0x12 (size before relaxing)
 .comment       0x0000000000000011       0x12 Descriptors.o
 .comment       0x0000000000000011       0x12 ../../LUFA-111009/LUFA/Drivers/USB/Core/AVR8/Endpoint_AVR8.o
 .comment       0x0000000000000011       0x12 ../../LUFA-111009/LUFA/Drivers/USB/Core/AVR8/USBController_AVR8.o
 .comment       0x0000000000000011       0x12 ../../LUFA-111009/LUFA/Drivers/USB/Core/AVR8/USBInterrupt_AVR8.o
 .comment       0x0000000000000011       0x12 ../../LUFA-111009/LUFA/Drivers/USB/Core/AVR8/EndpointStream_AVR8.o
 .comment       0x0000000000000011       0x12 ../../LUFA-111009/LUFA/Drivers/USB/Core/DeviceStandardReq.o
 .comment       0x0000000000000011       0x12 ../../LUFA-111009/LUFA/Drivers/USB/Core/Events.o
 .comment       0x0000000000000011       0x12 ../../LUFA-111009/LUFA/Drivers/USB/Core/USBTask.o

.note.gnu.avr.deviceinfo
                0x0000000000000000       0x40
 .note.gnu.avr.deviceinfo
                0x0000000000000000       0x40 /usr/local/Cellar/avr-gcc/9.2.0_1/lib/avr-gcc/9/gcc/avr/9.2.0/../../../../../../avr/lib/avr5/crtatmega32u4.o

.note.gnu.build-id
 *(.note.gnu.build-id)

.debug
 *(.debug)

.line
 *(.line)

.debug_srcinfo
 *(.debug_srcinfo)

.debug_sfnames
 *(.debug_sfnames)

.debug_aranges  0x0000000000000000      0x300
 *(.debug_aranges)
 .debug_aranges
                0x0000000000000000       0xa0 Caterina.o
 .debug_aranges
                0x00000000000000a0       0x20 Descriptors.o
 .debug_aranges
                0x00000000000000c0       0x38 ../../LUFA-111009/LUFA/Drivers/USB/Core/AVR8/Endpoint_AVR8.o
 .debug_aranges
                0x00000000000000f8       0x30 ../../LUFA-111009/LUFA/Drivers/USB/Core/AVR8/USBController_AVR8.o
 .debug_aranges
                0x0000000000000128       0x30 ../../LUFA-111009/LUFA/Drivers/USB/Core/AVR8/USBInterrupt_AVR8.o
 .debug_aranges
                0x0000000000000158       0xc8 ../../LUFA-111009/LUFA/Drivers/USB/Core/AVR8/EndpointStream_AVR8.o
 .debug_aranges
                0x0000000000000220       0x20 ../../LUFA-111009/LUFA/Drivers/USB/Core/DeviceStandardReq.o
 .debug_aranges
                0x0000000000000240       0x20 ../../LUFA-111009/LUFA/Drivers/USB/Core/Events.o
 .debug_aranges
                0x0000000000000260       0x20 ../../LUFA-111009/LUFA/Drivers/USB/Core/USBTask.o
 .debug_aranges
                0x0000000000000280       0x20 /usr/local/Cellar/avr-gcc/9.2.0_1/lib/avr-gcc/9/gcc/avr/9.2.0/avr5/libgcc.a(_exit.o)
 .debug_aranges
                0x00000000000002a0       0x20 /usr/local/Cellar/avr-gcc/9.2.0_1/lib/avr-gcc/9/gcc/avr/9.2.0/avr5/libgcc.a(_tablejump2.o)
 .debug_aranges
                0x00000000000002c0       0x20 /usr/local/Cellar/avr-gcc/9.2.0_1/lib/avr-gcc/9/gcc/avr/9.2.0/avr5/libgcc.a(_copy_data.o)
 .debug_aranges
                0x00000000000002e0       0x20 /usr/local/Cellar/avr-gcc/9.2.0_1/lib/avr-gcc/9/gcc/avr/9.2.0/avr5/libgcc.a(_clear_bss.o)

.debug_pubnames
 *(.debug_pubnames)

.debug_info     0x0000000000000000     0x6060
 *(.debug_info .gnu.linkonce.wi.*)
 .debug_info    0x0000000000000000      0x9f4 /usr/local/Cellar/avr-gcc/9.2.0_1/lib/avr-gcc/9/gcc/avr/9.2.0/../../../../../../avr/lib/avr5/crtatmega32u4.o
 .debug_info    0x00000000000009f4     0x11d5 Caterina.o
 .debug_info    0x0000000000001bc9      0x857 Descriptors.o
 .debug_info    0x0000000000002420      0x49f ../../LUFA-111009/LUFA/Drivers/USB/Core/AVR8/Endpoint_AVR8.o
 .debug_info    0x00000000000028bf      0x59a ../../LUFA-111009/LUFA/Drivers/USB/Core/AVR8/USBController_AVR8.o
 .debug_info    0x0000000000002e59      0x7a0 ../../LUFA-111009/LUFA/Drivers/USB/Core/AVR8/USBInterrupt_AVR8.o
 .debug_info    0x00000000000035f9     0x1d56 ../../LUFA-111009/LUFA/Drivers/USB/Core/AVR8/EndpointStream_AVR8.o
 .debug_info    0x000000000000534f      0x963 ../../LUFA-111009/LUFA/Drivers/USB/Core/DeviceStandardReq.o
 .debug_info    0x0000000000005cb2       0x79 ../../LUFA-111009/LUFA/Drivers/USB/Core/Events.o
 .debug_info    0x0000000000005d2b      0x29d ../../LUFA-111009/LUFA/Drivers/USB/Core/USBTask.o
 .debug_info    0x0000000000005fc8       0x26 /usr/local/Cellar/avr-gcc/9.2.0_1/lib/avr-gcc/9/gcc/avr/9.2.0/avr5/libgcc.a(_exit.o)
 .debug_info    0x0000000000005fee       0x26 /usr/local/Cellar/avr-gcc/9.2.0_1/lib/avr-gcc/9/gcc/avr/9.2.0/avr5/libgcc.a(_tablejump2.o)
 .debug_info    0x0000000000006014       0x26 /usr/local/Cellar/avr-gcc/9.2.0_1/lib/avr-gcc/9/gcc/avr/9.2.0/avr5/libgcc.a(_copy_data.o)
 .debug_info    0x000000000000603a       0x26 /usr/local/Cellar/avr-gcc/9.2.0_1/lib/avr-gcc/9/gcc/avr/9.2.0/avr5/libgcc.a(_clear_bss.o)

.debug_abbrev   0x0000000000000000     0x1db4
 *(.debug_abbrev)
 .debug_abbrev  0x0000000000000000      0x96a /usr/local/Cellar/avr-gcc/9.2.0_1/lib/avr-gcc/9/gcc/avr/9.2.0/../../../../../../avr/lib/avr5/crtatmega32u4.o
 .debug_abbrev  0x000000000000096a      0x54b Caterina.o
 .debug_abbrev  0x0000000000000eb5      0x1b5 Descriptors.o
 .debug_abbrev  0x000000000000106a      0x1c8 ../../LUFA-111009/LUFA/Drivers/USB/Core/AVR8/Endpoint_AVR8.o
 .debug_abbrev  0x0000000000001232      0x235 ../../LUFA-111009/LUFA/Drivers/USB/Core/AVR8/USBController_AVR8.o
 .debug_abbrev  0x0000000000001467      0x223 ../../LUFA-111009/LUFA/Drivers/USB/Core/AVR8/USBInterrupt_AVR8.o
 .debug_abbrev  0x000000000000168a      0x21f ../../LUFA-111009/LUFA/Drivers/USB/Core/AVR8/EndpointStream_AVR8.o
 .debug_abbrev  0x00000000000018a9      0x2ce ../../LUFA-111009/LUFA/Drivers/USB/Core/DeviceStandardReq.o
 .debug_abbrev  0x0000000000001b77       0x46 ../../LUFA-111009/LUFA/Drivers/USB/Core/Events.o
 .debug_abbrev  0x0000000000001bbd      0x1a7 ../../LUFA-111009/LUFA/Drivers/USB/Core/USBTask.o
 .debug_abbrev  0x0000000000001d64       0x14 /usr/local/Cellar/avr-gcc/9.2.0_1/lib/avr-gcc/9/gcc/avr/9.2.0/avr5/libgcc.a(_exit.o)
 .debug_abbrev  0x0000000000001d78       0x14 /usr/local/Cellar/avr-gcc/9.2.0_1/lib/avr-gcc/9/gcc/avr/9.2.0/avr5/libgcc.a(_tablejump2.o)
 .debug_abbrev  0x0000000000001d8c       0x14 /usr/local/Cellar/avr-gcc/9.2.0_1/lib/avr-gcc/9/gcc/avr/9.2.0/avr5/libgcc.a(_copy_data.o)
 .debug_abbrev  0x0000000000001da0       0x14 /usr/local/Cellar/avr-gcc/9.2.0_1/lib/avr-gcc/9/gcc/avr/9.2.0/avr5/libgcc.a(_clear_bss.o)

.debug_line     0x0000000000000000     0x763e
 *(.debug_line .debug_line.* .debug_line_end)
 .debug_line    0x0000000000000000       0x1d /usr/local/Cellar/avr-gcc/9.2.0_1/lib/avr-gcc/9/gcc/avr/9.2.0/../../../../../../avr/lib/avr5/crtatmega32u4.o
 .debug_line    0x000000000000001d     0x193f Caterina.o
 .debug_line    0x000000000000195c      0x2dc Descriptors.o
 .debug_line    0x0000000000001c38      0x6cf ../../LUFA-111009/LUFA/Drivers/USB/Core/AVR8/Endpoint_AVR8.o
 .debug_line    0x0000000000002307      0x5eb ../../LUFA-111009/LUFA/Drivers/USB/Core/AVR8/USBController_AVR8.o
 .debug_line    0x00000000000028f2      0xa19 ../../LUFA-111009/LUFA/Drivers/USB/Core/AVR8/USBInterrupt_AVR8.o
 .debug_line    0x000000000000330b     0x3370 ../../LUFA-111009/LUFA/Drivers/USB/Core/AVR8/EndpointStream_AVR8.o
 .debug_line    0x000000000000667b      0xb17 ../../LUFA-111009/LUFA/Drivers/USB/Core/DeviceStandardReq.o
 .debug_line    0x0000000000007192       0x69 ../../LUFA-111009/LUFA/Drivers/USB/Core/Events.o
 .debug_line    0x00000000000071fb      0x24d ../../LUFA-111009/LUFA/Drivers/USB/Core/USBTask.o
 .debug_line    0x0000000000007448       0x61 /usr/local/Cellar/avr-gcc/9.2.0_1/lib/avr-gcc/9/gcc/avr/9.2.0/avr5/libgcc.a(_exit.o)
 .debug_line    0x00000000000074a9       0x79 /usr/local/Cellar/avr-gcc/9.2.0_1/lib/avr-gcc/9/gcc/avr/9.2.0/avr5/libgcc.a(_tablejump2.o)
 .debug_line    0x0000000000007522       0x97 /usr/local/Cellar/avr-gcc/9.2.0_1/lib/avr-gcc/9/gcc/avr/9.2.0/avr5/libgcc.a(_copy_data.o)
 .debug_line    0x00000000000075b9       0x85 /usr/local/Cellar/avr-gcc/9.2.0_1/lib/avr-gcc/9/gcc/avr/9.2.0/avr5/libgcc.a(_clear_bss.o)

.debug_frame    0x0000000000000000      0x810
 *(.debug_frame)
 .debug_frame   0x0000000000000000      0x19c Caterina.o
 .debug_frame   0x000000000000019c       0x24 Descriptors.o
 .debug_frame   0x00000000000001c0       0x54 ../../LUFA-111009/LUFA/Drivers/USB/Core/AVR8/Endpoint_AVR8.o
 .debug_frame   0x0000000000000214       0x5c ../../LUFA-111009/LUFA/Drivers/USB/Core/AVR8/USBController_AVR8.o
 .debug_frame   0x0000000000000270       0x98 ../../LUFA-111009/LUFA/Drivers/USB/Core/AVR8/USBInterrupt_AVR8.o
 .debug_frame   0x0000000000000308      0x474 ../../LUFA-111009/LUFA/Drivers/USB/Core/AVR8/EndpointStream_AVR8.o
 .debug_frame   0x000000000000077c       0x44 ../../LUFA-111009/LUFA/Drivers/USB/Core/DeviceStandardReq.o
 .debug_frame   0x00000000000007c0       0x24 ../../LUFA-111009/LUFA/Drivers/USB/Core/Events.o
 .debug_frame   0x00000000000007e4       0x2c ../../LUFA-111009/LUFA/Drivers/USB/Core/USBTask.o

.debug_str      0x0000000000000000     0x214c
 *(.debug_str)
 .debug_str     0x0000000000000000      0x371 /usr/local/Cellar/avr-gcc/9.2.0_1/lib/avr-gcc/9/gcc/avr/9.2.0/../../../../../../avr/lib/avr5/crtatmega32u4.o
 .debug_str     0x0000000000000371      0x889 Caterina.o
                                        0x91f (size before relaxing)
 .debug_str     0x0000000000000bfa      0x62a Descriptors.o
                                        0x8e4 (size before relaxing)
 .debug_str     0x0000000000001224      0x243 ../../LUFA-111009/LUFA/Drivers/USB/Core/AVR8/Endpoint_AVR8.o
                                        0x596 (size before relaxing)
 .debug_str     0x0000000000001467      0x21e ../../LUFA-111009/LUFA/Drivers/USB/Core/AVR8/USBController_AVR8.o
                                        0x57a (size before relaxing)
 .debug_str     0x0000000000001685      0x155 ../../LUFA-111009/LUFA/Drivers/USB/Core/AVR8/USBInterrupt_AVR8.o
                                        0x582 (size before relaxing)
 .debug_str     0x00000000000017da      0x4a5 ../../LUFA-111009/LUFA/Drivers/USB/Core/AVR8/EndpointStream_AVR8.o
                                        0x8a0 (size before relaxing)
 .debug_str     0x0000000000001c7f      0x39f ../../LUFA-111009/LUFA/Drivers/USB/Core/DeviceStandardReq.o
                                        0x7e5 (size before relaxing)
 .debug_str     0x000000000000201e       0x40 ../../LUFA-111009/LUFA/Drivers/USB/Core/Events.o
                                        0x1c0 (size before relaxing)
 .debug_str     0x000000000000205e       0x6a ../../LUFA-111009/LUFA/Drivers/USB/Core/USBTask.o
                                        0x390 (size before relaxing)
 .debug_str     0x00000000000020c8       0x84 /usr/local/Cellar/avr-gcc/9.2.0_1/lib/avr-gcc/9/gcc/avr/9.2.0/avr5/libgcc.a(_exit.o)
 .debug_str     0x000000000000214c       0x84 /usr/local/Cellar/avr-gcc/9.2.0_1/lib/avr-gcc/9/gcc/avr/9.2.0/avr5/libgcc.a(_tablejump2.o)
 .debug_str     0x000000000000214c       0x84 /usr/local/Cellar/avr-gcc/9.2.0_1/lib/avr-gcc/9/gcc/avr/9.2.0/avr5/libgcc.a(_copy_data.o)
 .debug_str     0x000000000000214c       0x84 /usr/local/Cellar/avr-gcc/9.2.0_1/lib/avr-gcc/9/gcc/avr/9.2.0/avr5/libgcc.a(_clear_bss.o)

.debug_loc      0x0000000000000000     0x384e
 *(.debug_loc)
 .debug_loc     0x0000000000000000      0x7e2 Caterina.o
 .debug_loc     0x00000000000007e2      0x1ec Descriptors.o
 .debug_loc     0x00000000000009ce      0x15d ../../LUFA-111009/LUFA/Drivers/USB/Core/AVR8/Endpoint_AVR8.o
 .debug_loc     0x0000000000000b2b       0xa1 ../../LUFA-111009/LUFA/Drivers/USB/Core/AVR8/USBController_AVR8.o
 .debug_loc     0x0000000000000bcc      0x257 ../../LUFA-111009/LUFA/Drivers/USB/Core/AVR8/USBInterrupt_AVR8.o
 .debug_loc     0x0000000000000e23     0x2770 ../../LUFA-111009/LUFA/Drivers/USB/Core/AVR8/EndpointStream_AVR8.o
 .debug_loc     0x0000000000003593      0x259 ../../LUFA-111009/LUFA/Drivers/USB/Core/DeviceStandardReq.o
 .debug_loc     0x00000000000037ec       0x62 ../../LUFA-111009/LUFA/Drivers/USB/Core/USBTask.o

.debug_macinfo
 *(.debug_macinfo)

.debug_weaknames
 *(.debug_weaknames)

.debug_funcnames
 *(.debug_funcnames)

.debug_typenames
 *(.debug_typenames)

.debug_varnames
 *(.debug_varnames)

.debug_pubtypes
 *(.debug_pubtypes)

.debug_ranges   0x0000000000000000      0x470
 *(.debug_ranges)
 .debug_ranges  0x0000000000000000       0xd8 Caterina.o
 .debug_ranges  0x00000000000000d8       0x10 Descriptors.o
 .debug_ranges  0x00000000000000e8       0x40 ../../LUFA-111009/LUFA/Drivers/USB/Core/AVR8/Endpoint_AVR8.o
 .debug_ranges  0x0000000000000128       0x38 ../../LUFA-111009/LUFA/Drivers/USB/Core/AVR8/USBController_AVR8.o
 .debug_ranges  0x0000000000000160       0x38 ../../LUFA-111009/LUFA/Drivers/USB/Core/AVR8/USBInterrupt_AVR8.o
 .debug_ranges  0x0000000000000198      0x1f8 ../../LUFA-111009/LUFA/Drivers/USB/Core/AVR8/EndpointStream_AVR8.o
 .debug_ranges  0x0000000000000390       0xc0 ../../LUFA-111009/LUFA/Drivers/USB/Core/DeviceStandardReq.o
 .debug_ranges  0x0000000000000450       0x10 ../../LUFA-111009/LUFA/Drivers/USB/Core/Events.o
 .debug_ranges  0x0000000000000460       0x10 ../../LUFA-111009/LUFA/Drivers/USB/Core/USBTask.o

.debug_macro
 *(.debug_macro)

.debug_addr
 *(.debug_addr)
OUTPUT(Caterina.elf elf32-avr)
LOAD linker stubs

Cross Reference Table

Symbol                                            File
AlertFatalError                                   Caterina.o
CALLBACK_HIDParser_FilterHIDReportItem            ../../LUFA-111009/LUFA/Drivers/USB/Class/Common/HIDParser.o
CALLBACK_USB_GetDescriptor                        Descriptors.o
                                                  ../../LUFA-111009/LUFA/Drivers/USB/Core/DeviceStandardReq.o
CDC_Task                                          Caterina.o
ConfigurationDescriptor                           Descriptors.o
DeviceDescriptor                                  Descriptors.o
EVENT_USB_Device_ConfigurationChanged             Caterina.o
                                                  ../../LUFA-111009/LUFA/Drivers/USB/Core/DeviceStandardReq.o
EVENT_USB_Device_Connect                          ../../LUFA-111009/LUFA/Drivers/USB/Core/Events.o
                                                  ../../LUFA-111009/LUFA/Drivers/USB/Core/AVR8/USBInterrupt_AVR8.o
EVENT_USB_Device_ControlRequest                   Caterina.o
                                                  ../../LUFA-111009/LUFA/Drivers/USB/Core/DeviceStandardReq.o
EVENT_USB_Device_Disconnect                       ../../LUFA-111009/LUFA/Drivers/USB/Core/Events.o
                                                  ../../LUFA-111009/LUFA/Drivers/USB/Core/AVR8/USBInterrupt_AVR8.o
EVENT_USB_Device_Reset                            ../../LUFA-111009/LUFA/Drivers/USB/Core/Events.o
                                                  ../../LUFA-111009/LUFA/Drivers/USB/Core/AVR8/USBInterrupt_AVR8.o
EVENT_USB_Device_StartOfFrame                     ../../LUFA-111009/LUFA/Drivers/USB/Core/Events.o
EVENT_USB_Device_Suspend                          ../../LUFA-111009/LUFA/Drivers/USB/Core/Events.o
                                                  ../../LUFA-111009/LUFA/Drivers/USB/Core/AVR8/USBInterrupt_AVR8.o
EVENT_USB_Device_WakeUp                           ../../LUFA-111009/LUFA/Drivers/USB/Core/Events.o
                                                  ../../LUFA-111009/LUFA/Drivers/USB/Core/AVR8/USBInterrupt_AVR8.o
Endpoint_ClearEndpoints                           ../../LUFA-111009/LUFA/Drivers/USB/Core/AVR8/Endpoint_AVR8.o
Endpoint_ClearStatusStage                         ../../LUFA-111009/LUFA/Drivers/USB/Core/AVR8/Endpoint_AVR8.o
                                                  ../../LUFA-111009/LUFA/Drivers/USB/Core/DeviceStandardReq.o
Endpoint_ConfigureEndpoint_Prv                    ../../LUFA-111009/LUFA/Drivers/USB/Core/AVR8/Endpoint_AVR8.o
                                                  ../../LUFA-111009/LUFA/Drivers/USB/Core/AVR8/USBInterrupt_AVR8.o
                                                  ../../LUFA-111009/LUFA/Drivers/USB/Core/AVR8/USBController_AVR8.o
                                                  Caterina.o
Endpoint_Discard_Stream                           ../../LUFA-111009/LUFA/Drivers/USB/Core/AVR8/EndpointStream_AVR8.o
Endpoint_Null_Stream                              ../../LUFA-111009/LUFA/Drivers/USB/Core/AVR8/EndpointStream_AVR8.o
Endpoint_Read_Control_EStream_BE                  ../../LUFA-111009/LUFA/Drivers/USB/Core/AVR8/EndpointStream_AVR8.o
Endpoint_Read_Control_EStream_LE                  ../../LUFA-111009/LUFA/Drivers/USB/Core/AVR8/EndpointStream_AVR8.o
Endpoint_Read_Control_Stream_BE                   ../../LUFA-111009/LUFA/Drivers/USB/Core/AVR8/EndpointStream_AVR8.o
Endpoint_Read_Control_Stream_LE                   ../../LUFA-111009/LUFA/Drivers/USB/Core/AVR8/EndpointStream_AVR8.o
                                                  Caterina.o
Endpoint_Read_EStream_BE                          ../../LUFA-111009/LUFA/Drivers/USB/Core/AVR8/EndpointStream_AVR8.o
Endpoint_Read_EStream_LE                          ../../LUFA-111009/LUFA/Drivers/USB/Core/AVR8/EndpointStream_AVR8.o
Endpoint_Read_Stream_BE                           ../../LUFA-111009/LUFA/Drivers/USB/Core/AVR8/EndpointStream_AVR8.o
Endpoint_Read_Stream_LE                           ../../LUFA-111009/LUFA/Drivers/USB/Core/AVR8/EndpointStream_AVR8.o
Endpoint_WaitUntilReady                           ../../LUFA-111009/LUFA/Drivers/USB/Core/AVR8/Endpoint_AVR8.o
                                                  ../../LUFA-111009/LUFA/Drivers/USB/Core/AVR8/EndpointStream_AVR8.o
Endpoint_Write_Control_EStream_BE                 ../../LUFA-111009/LUFA/Drivers/USB/Core/AVR8/EndpointStream_AVR8.o
Endpoint_Write_Control_EStream_LE                 ../../LUFA-111009/LUFA/Drivers/USB/Core/AVR8/EndpointStream_AVR8.o
Endpoint_Write_Control_PStream_BE                 ../../LUFA-111009/LUFA/Drivers/USB/Core/AVR8/EndpointStream_AVR8.o
Endpoint_Write_Control_PStream_LE                 ../../LUFA-111009/LUFA/Drivers/USB/Core/AVR8/EndpointStream_AVR8.o
Endpoint_Write_Control_Stream_BE                  ../../LUFA-111009/LUFA/Drivers/USB/Core/AVR8/EndpointStream_AVR8.o
Endpoint_Write_Control_Stream_LE                  ../../LUFA-111009/LUFA/Drivers/USB/Core/AVR8/EndpointStream_AVR8.o
                                                  ../../LUFA-111009/LUFA/Drivers/USB/Core/DeviceStandardReq.o
                                                  Caterina.o
Endpoint_Write_EStream_BE                         ../../LUFA-111009/LUFA/Drivers/USB/Core/AVR8/EndpointStream_AVR8.o
Endpoint_Write_EStream_LE                         ../../LUFA-111009/LUFA/Drivers/USB/Core/AVR8/EndpointStream_AVR8.o
Endpoint_Write_PStream_BE                         ../../LUFA-111009/LUFA/Drivers/USB/Core/AVR8/EndpointStream_AVR8.o
Endpoint_Write_PStream_LE                         ../../LUFA-111009/LUFA/Drivers/USB/Core/AVR8/EndpointStream_AVR8.o
Endpoint_Write_Stream_BE                          ../../LUFA-111009/LUFA/Drivers/USB/Core/AVR8/EndpointStream_AVR8.o
Endpoint_Write_Stream_LE                          ../../LUFA-111009/LUFA/Drivers/USB/Core/AVR8/EndpointStream_AVR8.o
LEDPulse                                          Caterina.o
LLEDPulse                                         Caterina.o
LanguageString                                    Descriptors.o
ManufNameString                                   Descriptors.o
ProductString                                     Descriptors.o
ReadBatteryVoltage                                Caterina.o
RxLEDPulse                                        Caterina.o
SetupCurrentLimit                                 Caterina.o
SetupHardware                                     Caterina.o
StartSketch                                       Caterina.o
TWIInit                                           Caterina.o
TWIStart                                          Caterina.o
TWIStop                                           Caterina.o
TWIWrite                                          Caterina.o
Timeout                                           Caterina.o
TxLEDPulse                                        Caterina.o
USB_ControlRequest                                ../../LUFA-111009/LUFA/Drivers/USB/Core/USBTask.o
                                                  ../../LUFA-111009/LUFA/Drivers/USB/Core/DeviceStandardReq.o
                                                  ../../LUFA-111009/LUFA/Drivers/USB/Core/AVR8/EndpointStream_AVR8.o
                                                  ../../LUFA-111009/LUFA/Drivers/USB/Core/AVR8/Endpoint_AVR8.o
                                                  Caterina.o
USB_Device_ConfigurationNumber                    ../../LUFA-111009/LUFA/Drivers/USB/Core/DeviceStandardReq.o
                                                  ../../LUFA-111009/LUFA/Drivers/USB/Core/AVR8/USBInterrupt_AVR8.o
                                                  ../../LUFA-111009/LUFA/Drivers/USB/Core/AVR8/USBController_AVR8.o
USB_Device_ProcessControlRequest                  ../../LUFA-111009/LUFA/Drivers/USB/Core/DeviceStandardReq.o
                                                  ../../LUFA-111009/LUFA/Drivers/USB/Core/USBTask.o
USB_Device_SendRemoteWakeup                       ../../LUFA-111009/LUFA/Drivers/USB/Core/AVR8/Device_AVR8.o
USB_Disable                                       ../../LUFA-111009/LUFA/Drivers/USB/Core/AVR8/USBController_AVR8.o
USB_Event_Stub                                    ../../LUFA-111009/LUFA/Drivers/USB/Core/Events.o
USB_GetHIDReportItemInfo                          ../../LUFA-111009/LUFA/Drivers/USB/Class/Common/HIDParser.o
USB_GetHIDReportSize                              ../../LUFA-111009/LUFA/Drivers/USB/Class/Common/HIDParser.o
USB_GetNextDescriptorComp                         ../../LUFA-111009/LUFA/Drivers/USB/Core/ConfigDescriptor.o
USB_GetNextDescriptorOfType                       ../../LUFA-111009/LUFA/Drivers/USB/Core/ConfigDescriptor.o
USB_GetNextDescriptorOfTypeAfter                  ../../LUFA-111009/LUFA/Drivers/USB/Core/ConfigDescriptor.o
USB_GetNextDescriptorOfTypeBefore                 ../../LUFA-111009/LUFA/Drivers/USB/Core/ConfigDescriptor.o
USB_INT_ClearAllInterrupts                        ../../LUFA-111009/LUFA/Drivers/USB/Core/AVR8/USBInterrupt_AVR8.o
                                                  ../../LUFA-111009/LUFA/Drivers/USB/Core/AVR8/USBController_AVR8.o
USB_INT_DisableAllInterrupts                      ../../LUFA-111009/LUFA/Drivers/USB/Core/AVR8/USBInterrupt_AVR8.o
                                                  ../../LUFA-111009/LUFA/Drivers/USB/Core/AVR8/USBController_AVR8.o
USB_Init                                          ../../LUFA-111009/LUFA/Drivers/USB/Core/AVR8/USBController_AVR8.o
                                                  Caterina.o
USB_IsInitialized                                 ../../LUFA-111009/LUFA/Drivers/USB/Core/USBTask.o
                                                  ../../LUFA-111009/LUFA/Drivers/USB/Core/AVR8/USBController_AVR8.o
USB_ProcessHIDReport                              ../../LUFA-111009/LUFA/Drivers/USB/Class/Common/HIDParser.o
USB_ResetInterface                                ../../LUFA-111009/LUFA/Drivers/USB/Core/AVR8/USBController_AVR8.o
USB_SetHIDReportItemInfo                          ../../LUFA-111009/LUFA/Drivers/USB/Class/Common/HIDParser.o
USB_USBTask                                       ../../LUFA-111009/LUFA/Drivers/USB/Core/USBTask.o
                                                  ../../LUFA-111009/LUFA/Drivers/USB/Core/AVR8/EndpointStream_AVR8.o
                                                  Caterina.o
__bad_interrupt                                   /usr/local/Cellar/avr-gcc/9.2.0_1/lib/avr-gcc/9/gcc/avr/9.2.0/../../../../../../avr/lib/avr5/crtatmega32u4.o
__bss_end                                         /usr/local/Cellar/avr-gcc/9.2.0_1/lib/avr-gcc/9/gcc/avr/9.2.0/avr5/libgcc.a(_clear_bss.o)
__bss_start                                       /usr/local/Cellar/avr-gcc/9.2.0_1/lib/avr-gcc/9/gcc/avr/9.2.0/avr5/libgcc.a(_clear_bss.o)
__data_end                                        /usr/local/Cellar/avr-gcc/9.2.0_1/lib/avr-gcc/9/gcc/avr/9.2.0/avr5/libgcc.a(_copy_data.o)
__data_load_start                                 /usr/local/Cellar/avr-gcc/9.2.0_1/lib/avr-gcc/9/gcc/avr/9.2.0/avr5/libgcc.a(_copy_data.o)
__data_start                                      /usr/local/Cellar/avr-gcc/9.2.0_1/lib/avr-gcc/9/gcc/avr/9.2.0/avr5/libgcc.a(_copy_data.o)
__do_clear_bss                                    /usr/local/Cellar/avr-gcc/9.2.0_1/lib/avr-gcc/9/gcc/avr/9.2.0/avr5/libgcc.a(_clear_bss.o)
                                                  ../../LUFA-111009/LUFA/Drivers/USB/Core/USBTask.o
                                                  ../../LUFA-111009/LUFA/Drivers/USB/Core/DeviceStandardReq.o
                                                  Caterina.o
__do_copy_data                                    /usr/local/Cellar/avr-gcc/9.2.0_1/lib/avr-gcc/9/gcc/avr/9.2.0/avr5/libgcc.a(_copy_data.o)
                                                  Descriptors.o
                                                  Caterina.o
__heap_end                                        /usr/local/Cellar/avr-gcc/9.2.0_1/lib/avr-gcc/9/gcc/avr/9.2.0/../../../../../../avr/lib/avr5/crtatmega32u4.o
__init                                            /usr/local/Cellar/avr-gcc/9.2.0_1/lib/avr-gcc/9/gcc/avr/9.2.0/../../../../../../avr/lib/avr5/crtatmega32u4.o
__stack                                           /usr/local/Cellar/avr-gcc/9.2.0_1/lib/avr-gcc/9/gcc/avr/9.2.0/../../../../../../avr/lib/avr5/crtatmega32u4.o
__tablejump2__                                    /usr/local/Cellar/avr-gcc/9.2.0_1/lib/avr-gcc/9/gcc/avr/9.2.0/avr5/libgcc.a(_tablejump2.o)
                                                  ../../LUFA-111009/LUFA/Drivers/USB/Core/DeviceStandardReq.o
__vector_1                                        /usr/local/Cellar/avr-gcc/9.2.0_1/lib/avr-gcc/9/gcc/avr/9.2.0/../../../../../../avr/lib/avr5/crtatmega32u4.o
__vector_10                                       ../../LUFA-111009/LUFA/Drivers/USB/Core/AVR8/USBInterrupt_AVR8.o
                                                  /usr/local/Cellar/avr-gcc/9.2.0_1/lib/avr-gcc/9/gcc/avr/9.2.0/../../../../../../avr/lib/avr5/crtatmega32u4.o
__vector_11                                       /usr/local/Cellar/avr-gcc/9.2.0_1/lib/avr-gcc/9/gcc/avr/9.2.0/../../../../../../avr/lib/avr5/crtatmega32u4.o
__vector_12                                       /usr/local/Cellar/avr-gcc/9.2.0_1/lib/avr-gcc/9/gcc/avr/9.2.0/../../../../../../avr/lib/avr5/crtatmega32u4.o
__vector_13                                       /usr/local/Cellar/avr-gcc/9.2.0_1/lib/avr-gcc/9/gcc/avr/9.2.0/../../../../../../avr/lib/avr5/crtatmega32u4.o
__vector_14                                       /usr/local/Cellar/avr-gcc/9.2.0_1/lib/avr-gcc/9/gcc/avr/9.2.0/../../../../../../avr/lib/avr5/crtatmega32u4.o
__vector_15                                       /usr/local/Cellar/avr-gcc/9.2.0_1/lib/avr-gcc/9/gcc/avr/9.2.0/../../../../../../avr/lib/avr5/crtatmega32u4.o
__vector_16                                       /usr/local/Cellar/avr-gcc/9.2.0_1/lib/avr-gcc/9/gcc/avr/9.2.0/../../../../../../avr/lib/avr5/crtatmega32u4.o
__vector_17                                       Caterina.o
                                                  /usr/local/Cellar/avr-gcc/9.2.0_1/lib/avr-gcc/9/gcc/avr/9.2.0/../../../../../../avr/lib/avr5/crtatmega32u4.o
__vector_18                                       /usr/local/Cellar/avr-gcc/9.2.0_1/lib/avr-gcc/9/gcc/avr/9.2.0/../../../../../../avr/lib/avr5/crtatmega32u4.o
__vector_19                                       /usr/local/Cellar/avr-gcc/9.2.0_1/lib/avr-gcc/9/gcc/avr/9.2.0/../../../../../../avr/lib/avr5/crtatmega32u4.o
__vector_2                                        /usr/local/Cellar/avr-gcc/9.2.0_1/lib/avr-gcc/9/gcc/avr/9.2.0/../../../../../../avr/lib/avr5/crtatmega32u4.o
__vector_20                                       /usr/local/Cellar/avr-gcc/9.2.0_1/lib/avr-gcc/9/gcc/avr/9.2.0/../../../../../../avr/lib/avr5/crtatmega32u4.o
__vector_21                                       /usr/local/Cellar/avr-gcc/9.2.0_1/lib/avr-gcc/9/gcc/avr/9.2.0/../../../../../../avr/lib/avr5/crtatmega32u4.o
__vector_22                                       /usr/local/Cellar/avr-gcc/9.2.0_1/lib/avr-gcc/9/gcc/avr/9.2.0/../../../../../../avr/lib/avr5/crtatmega32u4.o
__vector_23                                       /usr/local/Cellar/avr-gcc/9.2.0_1/lib/avr-gcc/9/gcc/avr/9.2.0/../../../../../../avr/lib/avr5/crtatmega32u4.o
__vector_24                                       /usr/local/Cellar/avr-gcc/9.2.0_1/lib/avr-gcc/9/gcc/avr/9.2.0/../../../../../../avr/lib/avr5/crtatmega32u4.o
__vector_25                                       /usr/local/Cellar/avr-gcc/9.2.0_1/lib/avr-gcc/9/gcc/avr/9.2.0/../../../../../../avr/lib/avr5/crtatmega32u4.o
__vector_26                                       /usr/local/Cellar/avr-gcc/9.2.0_1/lib/avr-gcc/9/gcc/avr/9.2.0/../../../../../../avr/lib/avr5/crtatmega32u4.o
__vector_27                                       /usr/local/Cellar/avr-gcc/9.2.0_1/lib/avr-gcc/9/gcc/avr/9.2.0/../../../../../../avr/lib/avr5/crtatmega32u4.o
__vector_28                                       /usr/local/Cellar/avr-gcc/9.2.0_1/lib/avr-gcc/9/gcc/avr/9.2.0/../../../../../../avr/lib/avr5/crtatmega32u4.o
__vector_29                                       /usr/local/Cellar/avr-gcc/9.2.0_1/lib/avr-gcc/9/gcc/avr/9.2.0/../../../../../../avr/lib/avr5/crtatmega32u4.o
__vector_3                                        /usr/local/Cellar/avr-gcc/9.2.0_1/lib/avr-gcc/9/gcc/avr/9.2.0/../../../../../../avr/lib/avr5/crtatmega32u4.o
__vector_30                                       /usr/local/Cellar/avr-gcc/9.2.0_1/lib/avr-gcc/9/gcc/avr/9.2.0/../../../../../../avr/lib/avr5/crtatmega32u4.o
__vector_31                                       /usr/local/Cellar/avr-gcc/9.2.0_1/lib/avr-gcc/9/gcc/avr/9.2.0/../../../../../../avr/lib/avr5/crtatmega32u4.o
__vector_32                                       /usr/local/Cellar/avr-gcc/9.2.0_1/lib/avr-gcc/9/gcc/avr/9.2.0/../../../../../../avr/lib/avr5/crtatmega32u4.o
__vector_33                                       /usr/local/Cellar/avr-gcc/9.2.0_1/lib/avr-gcc/9/gcc/avr/9.2.0/../../../../../../avr/lib/avr5/crtatmega32u4.o
__vector_34                                       /usr/local/Cellar/avr-gcc/9.2.0_1/lib/avr-gcc/9/gcc/avr/9.2.0/../../../../../../avr/lib/avr5/crtatmega32u4.o
__vector_35                                       /usr/local/Cellar/avr-gcc/9.2.0_1/lib/avr-gcc/9/gcc/avr/9.2.0/../../../../../../avr/lib/avr5/crtatmega32u4.o
__vector_36                                       /usr/local/Cellar/avr-gcc/9.2.0_1/lib/avr-gcc/9/gcc/avr/9.2.0/../../../../../../avr/lib/avr5/crtatmega32u4.o
__vector_37                                       /usr/local/Cellar/avr-gcc/9.2.0_1/lib/avr-gcc/9/gcc/avr/9.2.0/../../../../../../avr/lib/avr5/crtatmega32u4.o
__vector_38                                       /usr/local/Cellar/avr-gcc/9.2.0_1/lib/avr-gcc/9/gcc/avr/9.2.0/../../../../../../avr/lib/avr5/crtatmega32u4.o
__vector_39                                       /usr/local/Cellar/avr-gcc/9.2.0_1/lib/avr-gcc/9/gcc/avr/9.2.0/../../../../../../avr/lib/avr5/crtatmega32u4.o
__vector_4                                        /usr/local/Cellar/avr-gcc/9.2.0_1/lib/avr-gcc/9/gcc/avr/9.2.0/../../../../../../avr/lib/avr5/crtatmega32u4.o
__vector_40                                       /usr/local/Cellar/avr-gcc/9.2.0_1/lib/avr-gcc/9/gcc/avr/9.2.0/../../../../../../avr/lib/avr5/crtatmega32u4.o
__vector_41                                       /usr/local/Cellar/avr-gcc/9.2.0_1/lib/avr-gcc/9/gcc/avr/9.2.0/../../../../../../avr/lib/avr5/crtatmega32u4.o
__vector_42                                       /usr/local/Cellar/avr-gcc/9.2.0_1/lib/avr-gcc/9/gcc/avr/9.2.0/../../../../../../avr/lib/avr5/crtatmega32u4.o
__vector_5                                        /usr/local/Cellar/avr-gcc/9.2.0_1/lib/avr-gcc/9/gcc/avr/9.2.0/../../../../../../avr/lib/avr5/crtatmega32u4.o
__vector_6                                        /usr/local/Cellar/avr-gcc/9.2.0_1/lib/avr-gcc/9/gcc/avr/9.2.0/../../../../../../avr/lib/avr5/crtatmega32u4.o
__vector_7                                        /usr/local/Cellar/avr-gcc/9.2.0_1/lib/avr-gcc/9/gcc/avr/9.2.0/../../../../../../avr/lib/avr5/crtatmega32u4.o
__vector_8                                        /usr/local/Cellar/avr-gcc/9.2.0_1/lib/avr-gcc/9/gcc/avr/9.2.0/../../../../../../avr/lib/avr5/crtatmega32u4.o
__vector_9                                        /usr/local/Cellar/avr-gcc/9.2.0_1/lib/avr-gcc/9/gcc/avr/9.2.0/../../../../../../avr/lib/avr5/crtatmega32u4.o
__vector_default                                  /usr/local/Cellar/avr-gcc/9.2.0_1/lib/avr-gcc/9/gcc/avr/9.2.0/../../../../../../avr/lib/avr5/crtatmega32u4.o
__vectors                                         /usr/local/Cellar/avr-gcc/9.2.0_1/lib/avr-gcc/9/gcc/avr/9.2.0/../../../../../../avr/lib/avr5/crtatmega32u4.o
_exit                                             /usr/local/Cellar/avr-gcc/9.2.0_1/lib/avr-gcc/9/gcc/avr/9.2.0/avr5/libgcc.a(_exit.o)
eeprom_read_byte                                  /usr/local/Cellar/avr-gcc/9.2.0_1/lib/avr-gcc/9/gcc/avr/9.2.0/../../../../../../avr/lib/avr5/libatmega32u4.a(eerd_byte.o)
                                                  ../../LUFA-111009/LUFA/Drivers/USB/Core/AVR8/EndpointStream_AVR8.o
                                                  Caterina.o
eeprom_update_byte                                /usr/local/Cellar/avr-gcc/9.2.0_1/lib/avr-gcc/9/gcc/avr/9.2.0/../../../../../../avr/lib/avr5/libatmega32u4.a(eeupd_byte.o)
                                                  ../../LUFA-111009/LUFA/Drivers/USB/Core/AVR8/EndpointStream_AVR8.o
eeprom_update_r18                                 /usr/local/Cellar/avr-gcc/9.2.0_1/lib/avr-gcc/9/gcc/avr/9.2.0/../../../../../../avr/lib/avr5/libatmega32u4.a(eeupd_byte.o)
eeprom_write_byte                                 /usr/local/Cellar/avr-gcc/9.2.0_1/lib/avr-gcc/9/gcc/avr/9.2.0/../../../../../../avr/lib/avr5/libatmega32u4.a(eewr_byte.o)
                                                  Caterina.o
eeprom_write_r18                                  /usr/local/Cellar/avr-gcc/9.2.0_1/lib/avr-gcc/9/gcc/avr/9.2.0/../../../../../../avr/lib/avr5/libatmega32u4.a(eewr_byte.o)
exit                                              /usr/local/Cellar/avr-gcc/9.2.0_1/lib/avr-gcc/9/gcc/avr/9.2.0/avr5/libgcc.a(_exit.o)
                                                  /usr/local/Cellar/avr-gcc/9.2.0_1/lib/avr-gcc/9/gcc/avr/9.2.0/../../../../../../avr/lib/avr5/crtatmega32u4.o
main                                              Caterina.o
                                                  /usr/local/Cellar/avr-gcc/9.2.0_1/lib/avr-gcc/9/gcc/avr/9.2.0/../../../../../../avr/lib/avr5/crtatmega32u4.o
